Component: ARM Compiler 6.7 Tool: armlink [5c9ef700]

==============================================================================

Section Cross References

    startup_stm32f103xb.o(RESET) refers to startup_stm32f103xb.o(STACK) for __initial_sp
    startup_stm32f103xb.o(RESET) refers to startup_stm32f103xb.o(.text) for Reset_Handler
    startup_stm32f103xb.o(RESET) refers to stm32f1xx_it.o(.text.NMI_Handler) for NMI_Handler
    startup_stm32f103xb.o(RESET) refers to stm32f1xx_it.o(.text.HardFault_Handler) for HardFault_Handler
    startup_stm32f103xb.o(RESET) refers to stm32f1xx_it.o(.text.MemManage_Handler) for MemManage_Handler
    startup_stm32f103xb.o(RESET) refers to stm32f1xx_it.o(.text.BusFault_Handler) for BusFault_Handler
    startup_stm32f103xb.o(RESET) refers to stm32f1xx_it.o(.text.UsageFault_Handler) for UsageFault_Handler
    startup_stm32f103xb.o(RESET) refers to stm32f1xx_it.o(.text.SVC_Handler) for SVC_Handler
    startup_stm32f103xb.o(RESET) refers to stm32f1xx_it.o(.text.DebugMon_Handler) for DebugMon_Handler
    startup_stm32f103xb.o(RESET) refers to stm32f1xx_it.o(.text.PendSV_Handler) for PendSV_Handler
    startup_stm32f103xb.o(RESET) refers to stm32f1xx_it.o(.text.SysTick_Handler) for SysTick_Handler
    startup_stm32f103xb.o(RESET) refers to stm32f1xx_it.o(.text.DMA1_Channel3_IRQHandler) for DMA1_Channel3_IRQHandler
    startup_stm32f103xb.o(RESET) refers to stm32f1xx_it.o(.text.DMA1_Channel5_IRQHandler) for DMA1_Channel5_IRQHandler
    startup_stm32f103xb.o(RESET) refers to stm32f1xx_it.o(.text.DMA1_Channel6_IRQHandler) for DMA1_Channel6_IRQHandler
    startup_stm32f103xb.o(RESET) refers to stm32f1xx_it.o(.text.EXTI9_5_IRQHandler) for EXTI9_5_IRQHandler
    startup_stm32f103xb.o(RESET) refers to stm32f1xx_it.o(.text.TIM4_IRQHandler) for TIM4_IRQHandler
    startup_stm32f103xb.o(RESET) refers to stm32f1xx_it.o(.text.USART1_IRQHandler) for USART1_IRQHandler
    startup_stm32f103xb.o(RESET) refers to stm32f1xx_it.o(.text.USART2_IRQHandler) for USART2_IRQHandler
    startup_stm32f103xb.o(RESET) refers to stm32f1xx_it.o(.text.USART3_IRQHandler) for USART3_IRQHandler
    startup_stm32f103xb.o(.text) refers to system_stm32f1xx.o(.text.SystemInit) for SystemInit
    startup_stm32f103xb.o(.text) refers to entry.o(.ARM.Collect$$$$00000000) for __main
    main.o(.text.main) refers to stm32f1xx_hal.o(.text.HAL_Init) for HAL_Init
    main.o(.text.main) refers to stm32f1xx_hal_rcc.o(.text.HAL_RCC_OscConfig) for HAL_RCC_OscConfig
    main.o(.text.main) refers to stm32f1xx_hal_rcc.o(.text.HAL_RCC_ClockConfig) for HAL_RCC_ClockConfig
    main.o(.text.main) refers to stm32f1xx_hal_rcc_ex.o(.text.HAL_RCCEx_PeriphCLKConfig) for HAL_RCCEx_PeriphCLKConfig
    main.o(.text.main) refers to gpio.o(.text.MX_GPIO_Init) for MX_GPIO_Init
    main.o(.text.main) refers to dma.o(.text.MX_DMA_Init) for MX_DMA_Init
    main.o(.text.main) refers to tim.o(.text.MX_TIM2_Init) for MX_TIM2_Init
    main.o(.text.main) refers to tim.o(.text.MX_TIM3_Init) for MX_TIM3_Init
    main.o(.text.main) refers to usart.o(.text.MX_USART1_UART_Init) for MX_USART1_UART_Init
    main.o(.text.main) refers to usart.o(.text.MX_USART2_UART_Init) for MX_USART2_UART_Init
    main.o(.text.main) refers to usart.o(.text.MX_USART3_UART_Init) for MX_USART3_UART_Init
    main.o(.text.main) refers to adc.o(.text.MX_ADC1_Init) for MX_ADC1_Init
    main.o(.text.main) refers to spi.o(.text.MX_SPI2_Init) for MX_SPI2_Init
    main.o(.text.main) refers to tim.o(.text.MX_TIM1_Init) for MX_TIM1_Init
    main.o(.text.main) refers to tim.o(.text.MX_TIM4_Init) for MX_TIM4_Init
    main.o(.text.main) refers to stm32f1xx_hal.o(.text.HAL_Delay) for HAL_Delay
    main.o(.text.main) refers to main.o(.data..L_MergedGlobals) for .L_MergedGlobals
    main.o(.text.main) refers to face.o(.text.Face_Init) for Face_Init
    main.o(.text.main) refers to adc.o(.bss.hadc1) for hadc1
    main.o(.text.main) refers to stm32f1xx_hal_adc.o(.text.HAL_ADC_Stop) for HAL_ADC_Stop
    main.o(.text.main) refers to stm32f1xx_hal_adc_ex.o(.text.HAL_ADCEx_Calibration_Start) for HAL_ADCEx_Calibration_Start
    main.o(.text.main) refers to stm32f1xx_hal_adc.o(.text.HAL_ADC_Start) for HAL_ADC_Start
    main.o(.text.main) refers to oled.o(.text.OLED_Clear) for OLED_Clear
    main.o(.text.main) refers to oled_data.o(.rodata.OSHAImg) for OSHAImg
    main.o(.text.main) refers to oled.o(.text.OLED_ShowImage) for OLED_ShowImage
    main.o(.text.main) refers to oled.o(.text.OLED_Update) for OLED_Update
    main.o(.text.main) refers to oled_data.o(.rodata.rosydoedian) for rosydoedian
    main.o(.text.main) refers to hmi.o(.text.HMI_send_hex_values) for HMI_send_hex_values
    main.o(.text.main) refers to servo.o(.text.servo_Init) for servo_Init
    main.o(.text.main) refers to hmi.o(.text.HMI_Init) for HMI_Init
    main.o(.text.main) refers to bluetooth.o(.text.BLUETOOTH_Init) for BLUETOOTH_Init
[...]
    .text                                    0x08000696   Section        0  uidiv.o(.text)
    .text                                    0x080006c2   Section        0  uldiv.o(.text)
    .text                                    0x08000724   Section        0  llshl.o(.text)
    .text                                    0x08000742   Section        0  llushr.o(.text)
    .text                                    0x08000762   Section        0  llsshr.o(.text)
    .text                                    0x08000786   Section        0  fepilogue.o(.text)
    .text                                    0x08000786   Section        0  iusefp.o(.text)
    .text                                    0x080007f4   Section        0  depilogue.o(.text)
    .text                                    0x080008ae   Section        0  dfixul.o(.text)
    .text                                    0x080008e0   Section       48  cdrcmple.o(.text)
    .text                                    0x08000910   Section       36  init.o(.text)
    [Anonymous Symbol]                       0x08000934   Section        0  stm32f1xx_hal_adc.o(.text.ADC_ConversionStop_Disable)
    [Anonymous Symbol]                       0x08000994   Section        0  stm32f1xx_hal_adc.o(.text.ADC_Enable)
    [Anonymous Symbol]                       0x08000a20   Section        0  bluetooth.o(.text.BLUETOOTH_Init)
    [Anonymous Symbol]                       0x08000a44   Section        0  bluetooth.o(.text.BLUETOOTH_process_information)
    [Anonymous Symbol]                       0x08000b6c   Section        0  stm32f1xx_it.o(.text.BusFault_Handler)
    [Anonymous Symbol]                       0x08000b70   Section        0  stm32f1xx_it.o(.text.DMA1_Channel3_IRQHandler)
    [Anonymous Symbol]                       0x08000b7c   Section        0  stm32f1xx_it.o(.text.DMA1_Channel5_IRQHandler)
    [Anonymous Symbol]                       0x08000b88   Section        0  stm32f1xx_it.o(.text.DMA1_Channel6_IRQHandler)
    [Anonymous Symbol]                       0x08000b94   Section        0  stm32f1xx_it.o(.text.DebugMon_Handler)
    [Anonymous Symbol]                       0x08000b98   Section        0  stm32f1xx_it.o(.text.EXTI9_5_IRQHandler)
    [Anonymous Symbol]                       0x08000ba0   Section        0  main.o(.text.Error_Handler)
    [Anonymous Symbol]                       0x08000bac   Section        0  face.o(.text.Face_Init)
    [Anonymous Symbol]                       0x08000bd8   Section        0  stm32f1xx_hal_adc_ex.o(.text.HAL_ADCEx_Calibration_Start)
    [Anonymous Symbol]                       0x08000cbc   Section        0  stm32f1xx_hal_adc.o(.text.HAL_ADC_ConfigChannel)
    [Anonymous Symbol]                       0x08000de4   Section        0  stm32f1xx_hal_adc.o(.text.HAL_ADC_GetValue)
    [Anonymous Symbol]                       0x08000dec   Section        0  stm32f1xx_hal_adc.o(.text.HAL_ADC_Init)
    [Anonymous Symbol]                       0x08000f48   Section        0  adc.o(.text.HAL_ADC_MspInit)
    [Anonymous Symbol]                       0x08000fac   Section        0  stm32f1xx_hal_adc.o(.text.HAL_ADC_PollForConversion)
    [Anonymous Symbol]                       0x08001170   Section        0  stm32f1xx_hal_adc.o(.text.HAL_ADC_Start)
    [Anonymous Symbol]                       0x08001258   Section        0  stm32f1xx_hal_adc.o(.text.HAL_ADC_Stop)
    [Anonymous Symbol]                       0x080012dc   Section        0  stm32f1xx_hal_dma.o(.text.HAL_DMA_Abort)
    [Anonymous Symbol]                       0x0800131c   Section        0  stm32f1xx_hal_dma.o(.text.HAL_DMA_Abort_IT)
    [Anonymous Symbol]                       0x080013d0   Section        0  stm32f1xx_hal_dma.o(.text.HAL_DMA_IRQHandler)
    [Anonymous Symbol]                       0x08001550   Section        0  stm32f1xx_hal_dma.o(.text.HAL_DMA_Init)
    [Anonymous Symbol]                       0x080015d4   Section        0  stm32f1xx_hal_dma.o(.text.HAL_DMA_Start_IT)
    [Anonymous Symbol]                       0x08001678   Section        0  stm32f1xx_hal.o(.text.HAL_Delay)
    [Anonymous Symbol]                       0x080016a4   Section        0  myit.o(.text.HAL_GPIO_EXTI_Callback)
    [Anonymous Symbol]                       0x08001708   Section        0  stm32f1xx_hal_gpio.o(.text.HAL_GPIO_EXTI_IRQHandler)
    [Anonymous Symbol]                       0x08001720   Section        0  stm32f1xx_hal_gpio.o(.text.HAL_GPIO_Init)
    [Anonymous Symbol]                       0x08001944   Section        0  stm32f1xx_hal_gpio.o(.text.HAL_GPIO_ReadPin)
    [Anonymous Symbol]                       0x08001950   Section        0  stm32f1xx_hal_gpio.o(.text.HAL_GPIO_TogglePin)
    [Anonymous Symbol]                       0x08001960   Section        0  stm32f1xx_hal_gpio.o(.text.HAL_GPIO_WritePin)
    [Anonymous Symbol]                       0x0800196c   Section        0  stm32f1xx_hal.o(.text.HAL_GetTick)
    [Anonymous Symbol]                       0x08001978   Section        0  stm32f1xx_hal.o(.text.HAL_IncTick)
    [Anonymous Symbol]                       0x0800198c   Section        0  stm32f1xx_hal.o(.text.HAL_Init)
    [Anonymous Symbol]                       0x080019b4   Section        0  stm32f1xx_hal.o(.text.HAL_InitTick)
    [Anonymous Symbol]                       0x080019f8   Section        0  stm32f1xx_hal_msp.o(.text.HAL_MspInit)
    [Anonymous Symbol]                       0x08001a3c   Section        0  stm32f1xx_hal_cortex.o(.text.HAL_NVIC_EnableIRQ)
    [Anonymous Symbol]                       0x08001a5c   Section        0  stm32f1xx_hal_cortex.o(.text.HAL_NVIC_SetPriority)
    [Anonymous Symbol]                       0x08001ac0   Section        0  stm32f1xx_hal_cortex.o(.text.HAL_NVIC_SetPriorityGrouping)
    [Anonymous Symbol]                       0x08001ae0   Section        0  stm32f1xx_hal_rcc_ex.o(.text.HAL_RCCEx_GetPeriphCLKFreq)
    HAL_RCCEx_GetPeriphCLKFreq.aPLLMULFactorTable 0x08001bb0   Number         0  stm32f1xx_hal_rcc_ex.o(.text.HAL_RCCEx_GetPeriphCLKFreq)
    HAL_RCCEx_GetPeriphCLKFreq.aPredivFactorTable 0x08001bc0   Number         0  stm32f1xx_hal_rcc_ex.o(.text.HAL_RCCEx_GetPeriphCLKFreq)
    [Anonymous Symbol]                       0x08001bc4   Section        0  stm32f1xx_hal_rcc_ex.o(.text.HAL_RCCEx_PeriphCLKConfig)
    [Anonymous Symbol]                       0x08001cd8   Section        0  stm32f1xx_hal_rcc.o(.text.HAL_RCC_ClockConfig)
    HAL_RCC_GetSysClockFreq.aPredivFactorTable 0x08001e88   Number         0  stm32f1xx_hal_rcc.o(.text.HAL_RCC_ClockConfig)
    [Anonymous Symbol]                       0x08001e8c   Section        0  stm32f1xx_hal_rcc.o(.text.HAL_RCC_GetPCLK1Freq)
    [Anonymous Symbol]                       0x08001eb4   Section        0  stm32f1xx_hal_rcc.o(.text.HAL_RCC_GetPCLK2Freq)
    [Anonymous Symbol]                       0x08001edc   Section        0  stm32f1xx_hal_rcc.o(.text.HAL_RCC_OscConfig)
    [Anonymous Symbol]                       0x080022bc   Section        0  stm32f1xx_hal_spi.o(.text.HAL_SPI_Init)
    [Anonymous Symbol]                       0x08002378   Section        0  spi.o(.text.HAL_SPI_MspInit)
    [Anonymous Symbol]                       0x080023f8   Section        0  stm32f1xx_hal_cortex.o(.text.HAL_SYSTICK_Config)
    [Anonymous Symbol]                       0x08002424   Section        0  stm32f1xx_hal_tim_ex.o(.text.HAL_TIMEx_BreakCallback)
    [Anonymous Symbol]                       0x08002428   Section        0  stm32f1xx_hal_tim_ex.o(.text.HAL_TIMEx_CommutCallback)
    [Anonymous Symbol]                       0x0800242c   Section        0  stm32f1xx_hal_tim_ex.o(.text.HAL_TIMEx_ConfigBreakDeadTime)
    [Anonymous Symbol]                       0x08002480   Section        0  stm32f1xx_hal_tim_ex.o(.text.HAL_TIMEx_MasterConfigSynchronization)
    [Anonymous Symbol]                       0x080024f8   Section        0  stm32f1xx_hal_tim.o(.text.HAL_TIM_Base_Init)
    [Anonymous Symbol]                       0x080025e0   Section        0  tim.o(.text.HAL_TIM_Base_MspInit)
    [Anonymous Symbol]                       0x0800266c   Section        0  stm32f1xx_hal_tim.o(.text.HAL_TIM_Base_Start_IT)
    [Anonymous Symbol]                       0x080026d4   Section        0  stm32f1xx_hal_tim.o(.text.HAL_TIM_ConfigClockSource)
    [Anonymous Symbol]                       0x08002874   Section        0  stm32f1xx_hal_tim.o(.text.HAL_TIM_IC_CaptureCallback)
    [Anonymous Symbol]                       0x08002878   Section        0  stm32f1xx_hal_tim.o(.text.HAL_TIM_IC_ConfigChannel)
    [Anonymous Symbol]                       0x080029e4   Section        0  stm32f1xx_hal_tim.o(.text.HAL_TIM_IC_Init)
    [Anonymous Symbol]                       0x08002acc   Section        0  tim.o(.text.HAL_TIM_IC_MspInit)
    [Anonymous Symbol]                       0x08002b2c   Section        0  stm32f1xx_hal_tim.o(.text.HAL_TIM_IRQHandler)
    [Anonymous Symbol]                       0x08002c48   Section        0  stm32f1xx_hal_tim.o(.text.HAL_TIM_OC_DelayElapsedCallback)
    [Anonymous Symbol]                       0x08002c4c   Section        0  stm32f1xx_hal_tim.o(.text.HAL_TIM_PWM_ConfigChannel)
    [Anonymous Symbol]                       0x08002e40   Section        0  stm32f1xx_hal_tim.o(.text.HAL_TIM_PWM_Init)
    [Anonymous Symbol]                       0x08002f28   Section        0  stm32f1xx_hal_tim.o(.text.HAL_TIM_PWM_MspInit)
    [Anonymous Symbol]                       0x08002f2c   Section        0  stm32f1xx_hal_tim.o(.text.HAL_TIM_PWM_PulseFinishedCallback)
    [Anonymous Symbol]                       0x08002f30   Section        0  stm32f1xx_hal_tim.o(.text.HAL_TIM_PWM_Start)
    [Anonymous Symbol]                       0x08002fec   Section        0  myit.o(.text.HAL_TIM_PeriodElapsedCallback)
    [Anonymous Symbol]                       0x0800300c   Section        0  stm32f1xx_hal_tim.o(.text.HAL_TIM_SlaveConfigSynchro)
    [Anonymous Symbol]                       0x08003054   Section        0  stm32f1xx_hal_tim.o(.text.HAL_TIM_TriggerCallback)
    [Anonymous Symbol]                       0x08003058   Section        0  stm32f1xx_hal_uart.o(.text.HAL_UARTEx_RxEventCallback)
    [Anonymous Symbol]                       0x0800305c   Section        0  stm32f1xx_hal_uart.o(.text.HAL_UART_DMAStop)
    [Anonymous Symbol]                       0x08003138   Section        0  stm32f1xx_hal_uart.o(.text.HAL_UART_ErrorCallback)
    [Anonymous Symbol]                       0x0800313c   Section        0  stm32f1xx_hal_uart.o(.text.HAL_UART_IRQHandler)
    [Anonymous Symbol]                       0x08003440   Section        0  stm32f1xx_hal_uart.o(.text.HAL_UART_Init)
    [Anonymous Symbol]                       0x08003520   Section        0  usart.o(.text.HAL_UART_MspInit)
    [Anonymous Symbol]                       0x08003744   Section        0  stm32f1xx_hal_uart.o(.text.HAL_UART_Receive_DMA)
    [Anonymous Symbol]                       0x080037fc   Section        0  stm32f1xx_hal_uart.o(.text.HAL_UART_RxCpltCallback)
    [Anonymous Symbol]                       0x08003800   Section        0  stm32f1xx_hal_uart.o(.text.HAL_UART_RxHalfCpltCallback)
    [Anonymous Symbol]                       0x08003804   Section        0  stm32f1xx_hal_uart.o(.text.HAL_UART_Transmit)
    [Anonymous Symbol]                       0x08003964   Section        0  stm32f1xx_hal_uart.o(.text.HAL_UART_TxCpltCallback)
    [Anonymous Symbol]                       0x08003968   Section        0  hmi.o(.text.HMI_Init)
    [Anonymous Symbol]                       0x0800398c   Section        0  hmi.o(.text.HMI_process_information)
    [Anonymous Symbol]                       0x08003a54   Section        0  hmi.o(.text.HMI_send_hex_values)
    [Anonymous Symbol]                       0x08003a90   Section        0  stm32f1xx_it.o(.text.HardFault_Handler)
    [Anonymous Symbol]                       0x08003a94   Section        0  bsp_led.o(.text.LED_Toggle)
    [Anonymous Symbol]                       0x08003aa4   Section        0  adc.o(.text.MX_ADC1_Init)
    [Anonymous Symbol]                       0x08003b04   Section        0  dma.o(.text.MX_DMA_Init)
    [Anonymous Symbol]                       0x08003b58   Section        0  gpio.o(.text.MX_GPIO_Init)
    [Anonymous Symbol]                       0x08003c60   Section        0  spi.o(.text.MX_SPI2_Init)
    [Anonymous Symbol]                       0x08003ca8   Section        0  tim.o(.text.MX_TIM1_Init)
    [Anonymous Symbol]                       0x08003e38   Section        0  tim.o(.text.MX_TIM2_Init)
    [Anonymous Symbol]                       0x08003f04   Section        0  tim.o(.text.MX_TIM3_Init)
    [Anonymous Symbol]                       0x08003f84   Section        0  tim.o(.text.MX_TIM4_Init)
    [Anonymous Symbol]                       0x08004004   Section        0  usart.o(.text.MX_USART1_UART_Init)
    [Anonymous Symbol]                       0x08004040   Section        0  usart.o(.text.MX_USART2_UART_Init)
    [Anonymous Symbol]                       0x0800407c   Section        0  usart.o(.text.MX_USART3_UART_Init)
    [Anonymous Symbol]                       0x080040b8   Section        0  stm32f1xx_it.o(.text.MemManage_Handler)
    [Anonymous Symbol]                       0x080040bc   Section        0  myit.o(.text.Myit_Init)
    [Anonymous Symbol]                       0x080040c8   Section        0  stm32f1xx_it.o(.text.NMI_Handler)
    [Anonymous Symbol]                       0x080040cc   Section        0  oled.o(.text.OLED_Clear)
    [Anonymous Symbol]                       0x080040e0   Section        0  oled.o(.text.OLED_I2C_SendByte)
    [Anonymous Symbol]                       0x080041c8   Section        0  oled.o(.text.OLED_I2C_Start)
    [Anonymous Symbol]                       0x08004274   Section        0  oled.o(.text.OLED_I2C_Stop)
    [Anonymous Symbol]                       0x080042fc   Section        0  oled.o(.text.OLED_Init)
    [Anonymous Symbol]                       0x080045ac   Section        0  oled.o(.text.OLED_SetCursor)
    [Anonymous Symbol]                       0x08004610   Section        0  oled.o(.text.OLED_ShowImage)
    [Anonymous Symbol]                       0x080047a4   Section        0  oled.o(.text.OLED_Update)
    [Anonymous Symbol]                       0x0800492c   Section        0  stm32f1xx_it.o(.text.PendSV_Handler)
    [Anonymous Symbol]                       0x08004930   Section        0  stm32f1xx_it.o(.text.SVC_Handler)
    [Anonymous Symbol]                       0x08004934   Section        0  stm32f1xx_it.o(.text.SysTick_Handler)
    [Anonymous Symbol]                       0x08004938   Section        0  system_stm32f1xx.o(.text.SystemInit)
    [Anonymous Symbol]                       0x0800493c   Section        0  stm32f1xx_it.o(.text.TIM4_IRQHandler)
    [Anonymous Symbol]                       0x08004948   Section        0  stm32f1xx_hal_tim.o(.text.TIM_SlaveTimer_SetConfig)
    TIM_SlaveTimer_SetConfig                 0x08004949   Thumb Code   232  stm32f1xx_hal_tim.o(.text.TIM_SlaveTimer_SetConfig)
    [Anonymous Symbol]                       0x08004a30   Section        0  stm32f1xx_hal_uart.o(.text.UART_DMAAbortOnError)
    UART_DMAAbortOnError                     0x08004a31   Thumb Code    12  stm32f1xx_hal_uart.o(.text.UART_DMAAbortOnError)
    [Anonymous Symbol]                       0x08004a3c   Section        0  stm32f1xx_hal_uart.o(.text.UART_DMAError)
    UART_DMAError                            0x08004a3d   Thumb Code   170  stm32f1xx_hal_uart.o(.text.UART_DMAError)
    [Anonymous Symbol]                       0x08004ae8   Section        0  stm32f1xx_hal_uart.o(.text.UART_DMAReceiveCplt)
    UART_DMAReceiveCplt                      0x08004ae9   Thumb Code   140  stm32f1xx_hal_uart.o(.text.UART_DMAReceiveCplt)
    [Anonymous Symbol]                       0x08004b74   Section        0  stm32f1xx_hal_uart.o(.text.UART_DMARxHalfCplt)
    UART_DMARxHalfCplt                       0x08004b75   Thumb Code    24  stm32f1xx_hal_uart.o(.text.UART_DMARxHalfCplt)
    [Anonymous Symbol]                       0x08004b8c   Section        0  stm32f1xx_hal_uart.o(.text.UART_Receive_IT)
    UART_Receive_IT                          0x08004b8d   Thumb Code   204  stm32f1xx_hal_uart.o(.text.UART_Receive_IT)
    [Anonymous Symbol]                       0x08004c58   Section        0  stm32f1xx_it.o(.text.USART1_IRQHandler)
    [Anonymous Symbol]                       0x08004c64   Section        0  stm32f1xx_it.o(.text.USART2_IRQHandler)
    [Anonymous Symbol]                       0x08004ca0   Section        0  stm32f1xx_it.o(.text.USART3_IRQHandler)
    [Anonymous Symbol]                       0x08004cdc   Section        0  stm32f1xx_it.o(.text.UsageFault_Handler)
    [Anonymous Symbol]                       0x08004ce0   Section        0  main.o(.text.adc_light_process)
    [Anonymous Symbol]                       0x08004d8c   Section        0  bsp_uart.o(.text.fputc)
    [Anonymous Symbol]                       0x08004dac   Section        0  main.o(.text.main)
    [Anonymous Symbol]                       0x08004f70   Section        0  motion.o(.text.motion_init)
    [Anonymous Symbol]                       0x08004fa0   Section        0  motion.o(.text.motion_move)
    [Anonymous Symbol]                       0x08005260   Section        0  motion.o(.text.motion_perform_action)
    [Anonymous Symbol]                       0x08005450   Section        0  motion.o(.text.motion_set_pose)
    [Anonymous Symbol]                       0x08005480   Section        0  motion.o(.text.motion_set_speed)
    [Anonymous Symbol]                       0x08005490   Section        0  servo.o(.text.servo_Init)
    [Anonymous Symbol]                       0x080054c0   Section        0  servo.o(.text.servo_adjust)
    [Anonymous Symbol]                       0x080054d8   Section        0  servo.o(.text.servo_set_angles)
    [Anonymous Symbol]                       0x08005610   Section        0  motion.o(.text.transition_to_pose)
    transition_to_pose                       0x08005611   Thumb Code   382  motion.o(.text.transition_to_pose)
    [Anonymous Symbol]                       0x08005790   Section        0  dog.o(.text.uart_to_51)
    i.__0printf                              0x08005ba8   Section        0  printfa.o(i.__0printf)
    i.__scatterload_copy                     0x08005bc8   Section       14  handlers.o(i.__scatterload_copy)
    i.__scatterload_null                     0x08005bd6   Section        2  handlers.o(i.__scatterload_null)
    i.__scatterload_zeroinit                 0x08005bd8   Section       14  handlers.o(i.__scatterload_zeroinit)
    i._fp_digits                             0x08005be8   Section        0  printfa.o(i._fp_digits)
    _fp_digits                               0x08005be9   Thumb Code   366  printfa.o(i._fp_digits)
    i._printf_core                           0x08005d6c   Section        0  printfa.o(i._printf_core)
    _printf_core                             0x08005d6d   Thumb Code  1744  printfa.o(i._printf_core)
    i._printf_post_padding                   0x08006448   Section        0  printfa.o(i._printf_post_padding)
    _printf_post_padding                     0x08006449   Thumb Code    36  printfa.o(i._printf_post_padding)
    i._printf_pre_padding                    0x0800646c   Section        0  printfa.o(i._printf_pre_padding)
    _printf_pre_padding                      0x0800646d   Thumb Code    46  printfa.o(i._printf_pre_padding)
    i.putchar                                0x0800649c   Section        0  putchar.o(i.putchar)
    i.puts                                   0x080064a8   Section        0  puts.o(i.puts)
    .Lswitch.table                           0x080064cc   Data          16  motion.o(.rodata..Lswitch.table)
    HAL_RCC_GetSysClockFreq.aPLLMULFactorTable 0x08008b04   Data          16  stm32f1xx_hal_rcc.o(.rodata.cst16)
    [Anonymous Symbol]                       0x08008b14   Section        0  motion.o(.rodata.pose_lie_down)
    pose_lie_down                            0x08008b14   Data           8  motion.o(.rodata.pose_lie_down)
    [Anonymous Symbol]                       0x08008b1c   Section        0  motion.o(.rodata.pose_relax_lie_down)
    pose_relax_lie_down                      0x08008b1c   Data           8  motion.o(.rodata.pose_relax_lie_down)
    [Anonymous Symbol]                       0x08008b24   Section        0  motion.o(.rodata.pose_sit)
    pose_sit                                 0x08008b24   Data           8  motion.o(.rodata.pose_sit)
    [Anonymous Symbol]                       0x08008b2c   Section        0  motion.o(.rodata.pose_stand)
    pose_stand                               0x08008b2c   Data           8  motion.o(.rodata.pose_stand)
    .data                                    0x20000000   Section        4  stdout.o(.data)
    [Anonymous Symbol]                       0x20000010   Section        0  main.o(.data..L_MergedGlobals)
    .L_MergedGlobals                         0x20000010   Data          40  main.o(.data..L_MergedGlobals)
    [Anonymous Symbol]                       0x20000038   Section        0  stm32f1xx_hal.o(.data..L_MergedGlobals)
    .L_MergedGlobals                         0x20000038   Data          12  stm32f1xx_hal.o(.data..L_MergedGlobals)
    [Anonymous Symbol]                       0x20000050   Section        0  usart.o(.bss..L_MergedGlobals)
    .L_MergedGlobals                         0x20000050   Data          68  usart.o(.bss..L_MergedGlobals)
    [Anonymous Symbol]                       0x200000a0   Section        0  hmi.o(.bss..L_MergedGlobals)
    .L_MergedGlobals                         0x200000a0   Data         102  hmi.o(.bss..L_MergedGlobals)
    [Anonymous Symbol]                       0x20000110   Section        0  bluetooth.o(.bss..L_MergedGlobals)
    .L_MergedGlobals                         0x20000110   Data         102  bluetooth.o(.bss..L_MergedGlobals)
    [Anonymous Symbol]                       0x20000180   Section        0  usart.o(.bss..L_MergedGlobals.1)
    .L_MergedGlobals.1                       0x20000180   Data          68  usart.o(.bss..L_MergedGlobals.1)
    [Anonymous Symbol]                       0x200001d0   Section        0  usart.o(.bss..L_MergedGlobals.2)
    .L_MergedGlobals.2                       0x200001d0   Data          68  usart.o(.bss..L_MergedGlobals.2)
    [Anonymous Symbol]                       0x20000994   Section        0  face.o(.bss.s_face_handle)
    s_face_handle                            0x20000994   Data           4  face.o(.bss.s_face_handle)
    STACK                                    0x200009a0   Section     1024  startup_stm32f103xb.o(STACK)

    Global Symbols

    Symbol Name                              Value     Ov Type        Size  Object(Section)

    BuildAttributes$$THM_ISAv4$P$D$K$B$S$PE$A:L22UL41UL21$X:L11$S22US41US21$IEEE1$IW$~IW$USESV6$~STKCKD$USESV7$~SHL$OTIME$ROPI$IEEEX$EBA8$MICROLIB$REQ8$PRES8$EABIv2 0x00000000   Number         0  anon$$obj.o ABSOLUTE
    _printf_a                                0x00000000   Number         0  stubs.o ABSOLUTE
    _printf_c                                0x00000000   Number         0  stubs.o ABSOLUTE
    _printf_charcount                        0x00000000   Number         0  stubs.o ABSOLUTE
    _printf_d                                0x00000000   Number         0  stubs.o ABSOLUTE
    _printf_e                                0x00000000   Number         0  stubs.o ABSOLUTE
    _printf_f                                0x00000000   Number         0  stubs.o ABSOLUTE
    _printf_flags                            0x00000000   Number         0  stubs.o ABSOLUTE
    _printf_fp_dec                           0x00000000   Number         0  stubs.o ABSOLUTE
    _printf_fp_hex                           0x00000000   Number         0  stubs.o ABSOLUTE
    _printf_g                                0x00000000   Number         0  stubs.o ABSOLUTE
    _printf_i                                0x00000000   Number         0  stubs.o ABSOLUTE
    _printf_int_dec                          0x00000000   Number         0  stubs.o ABSOLUTE
    _printf_l                                0x00000000   Number         0  stubs.o ABSOLUTE
    _printf_lc                               0x00000000   Number         0  stubs.o ABSOLUTE
    _printf_ll                               0x00000000   Number         0  stubs.o ABSOLUTE
    _printf_lld                              0x00000000   Number         0  stubs.o ABSOLUTE
    _printf_lli                              0x00000000   Number         0  stubs.o ABSOLUTE
    _printf_llo                              0x00000000   Number         0  stubs.o ABSOLUTE
    _printf_llu                              0x00000000   Number         0  stubs.o ABSOLUTE
    _printf_llx                              0x00000000   Number         0  stubs.o ABSOLUTE
    _printf_longlong_dec                     0x00000000   Number         0  stubs.o ABSOLUTE
    _printf_longlong_hex                     0x00000000   Number         0  stubs.o ABSOLUTE
    _printf_longlong_oct                     0x00000000   Number         0  stubs.o ABSOLUTE
    _printf_ls                               0x00000000   Number         0  stubs.o ABSOLUTE
    _printf_mbtowc                           0x00000000   Number         0  stubs.o ABSOLUTE
    _printf_n                                0x00000000   Number         0  stubs.o ABSOLUTE
    _printf_o                                0x00000000   Number         0  stubs.o ABSOLUTE
    _printf_p                                0x00000000   Number         0  stubs.o ABSOLUTE
    _printf_percent                          0x00000000   Number         0  stubs.o ABSOLUTE
    _printf_pre_padding                      0x00000000   Number         0  stubs.o ABSOLUTE
    _printf_return_value                     0x00000000   Number         0  stubs.o ABSOLUTE
    _printf_s                                0x00000000   Number         0  stubs.o ABSOLUTE
    _printf_sizespec                         0x00000000   Number         0  stubs.o ABSOLUTE
    _printf_str                              0x00000000   Number         0  stubs.o ABSOLUTE
    _printf_truncate_signed                  0x00000000   Number         0  stubs.o ABSOLUTE
    _printf_truncate_unsigned                0x00000000   Number         0  stubs.o ABSOLUTE
    _printf_u                                0x00000000   Number         0  stubs.o ABSOLUTE
    _printf_wc                               0x00000000   Number         0  stubs.o ABSOLUTE
    _printf_wctomb                           0x00000000   Number         0  stubs.o ABSOLUTE
    _printf_widthprec                        0x00000000   Number         0  stubs.o ABSOLUTE
    _printf_x                                0x00000000   Number         0  stubs.o ABSOLUTE
    __cpp_initialize__aeabi_                  - Undefined Weak Reference
    __cxa_finalize                            - Undefined Weak Reference
    __decompress                              - Undefined Weak Reference
    _clock_init                               - Undefined Weak Reference
    _microlib_exit                            - Undefined Weak Reference
    __Vectors_Size                           0x000000ec   Number         0  startup_stm32f103xb.o ABSOLUTE
    __Vectors                                0x08000000   Data           4  startup_stm32f103xb.o(RESET)
    __Vectors_End                            0x080000ec   Data           0  startup_stm32f103xb.o(RESET)
    __main                                   0x080000ed   Thumb Code     0  entry.o(.ARM.Collect$$$$00000000)
    _main_stk                                0x080000ed   Thumb Code     0  entry2.o(.ARM.Collect$$$$00000001)
    _main_scatterload                        0x080000f1   Thumb Code     0  entry5.o(.ARM.Collect$$$$00000004)
    __main_after_scatterload                 0x080000f5   Thumb Code     0  entry5.o(.ARM.Collect$$$$00000004)
    _main_clock                              0x080000f5   Thumb Code     0  entry7b.o(.ARM.Collect$$$$00000008)
    _main_cpp_init                           0x080000f5   Thumb Code     0  entry8b.o(.ARM.Collect$$$$0000000A)
    _main_init                               0x080000f5   Thumb Code     0  entry9a.o(.ARM.Collect$$$$0000000B)
    __rt_final_cpp                           0x080000fd   Thumb Code     0  entry10a.o(.ARM.Collect$$$$0000000D)
    __rt_final_exit                          0x080000fd   Thumb Code     0  entry11a.o(.ARM.Collect$$$$0000000F)
    Reset_Handler                            0x08000101   Thumb Code     8  startup_stm32f103xb.o(.text)
    ADC1_2_IRQHandler                        0x0800011b   Thumb Code     0  startup_stm32f103xb.o(.text)
    CAN1_RX1_IRQHandler                      0x0800011b   Thumb Code     0  startup_stm32f103xb.o(.text)
    CAN1_SCE_IRQHandler                      0x0800011b   Thumb Code     0  startup_stm32f103xb.o(.text)
    DMA1_Channel1_IRQHandler                 0x0800011b   Thumb Code     0  startup_stm32f103xb.o(.text)
    DMA1_Channel2_IRQHandler                 0x0800011b   Thumb Code     0  startup_stm32f103xb.o(.text)
    DMA1_Channel4_IRQHandler                 0x0800011b   Thumb Code     0  startup_stm32f103xb.o(.text)
    DMA1_Channel7_IRQHandler                 0x0800011b   Thumb Code     0  startup_stm32f103xb.o(.text)
    EXTI0_IRQHandler                         0x0800011b   Thumb Code     0  startup_stm32f103xb.o(.text)
    EXTI15_10_IRQHandler                     0x0800011b   Thumb Code     0  startup_stm32f103xb.o(.text)
    EXTI1_IRQHandler                         0x0800011b   Thumb Code     0  startup_stm32f103xb.o(.text)
    EXTI2_IRQHandler                         0x0800011b   Thumb Code     0  startup_stm32f103xb.o(.text)
    EXTI3_IRQHandler                         0x0800011b   Thumb Code     0  startup_stm32f103xb.o(.text)
    EXTI4_IRQHandler                         0x0800011b   Thumb Code     0  startup_stm32f103xb.o(.text)
    FLASH_IRQHandler                         0x0800011b   Thumb Code     0  startup_stm32f103xb.o(.text)
    I2C1_ER_IRQHandler                       0x0800011b   Thumb Code     0  startup_stm32f103xb.o(.text)
    I2C1_EV_IRQHandler                       0x0800011b   Thumb Code     0  startup_stm32f103xb.o(.text)
    I2C2_ER_IRQHandler                       0x0800011b   Thumb Code     0  startup_stm32f103xb.o(.text)
    I2C2_EV_IRQHandler                       0x0800011b   Thumb Code     0  startup_stm32f103xb.o(.text)
    PVD_IRQHandler                           0x0800011b   Thumb Code     0  startup_stm32f103xb.o(.text)
    RCC_IRQHandler                           0x0800011b   Thumb Code     0  startup_stm32f103xb.o(.text)
    RTC_Alarm_IRQHandler                     0x0800011b   Thumb Code     0  startup_stm32f103xb.o(.text)
    RTC_IRQHandler                           0x0800011b   Thumb Code     0  startup_stm32f103xb.o(.text)
    SPI1_IRQHandler                          0x0800011b   Thumb Code     0  startup_stm32f103xb.o(.text)
    SPI2_IRQHandler                          0x0800011b   Thumb Code     0  startup_stm32f103xb.o(.text)
    TAMPER_IRQHandler                        0x0800011b   Thumb Code     0  startup_stm32f103xb.o(.text)
    TIM1_BRK_IRQHandler                      0x0800011b   Thumb Code     0  startup_stm32f103xb.o(.text)
    TIM1_CC_IRQHandler                       0x0800011b   Thumb Code     0  startup_stm32f103xb.o(.text)
    TIM1_TRG_COM_IRQHandler                  0x0800011b   Thumb Code     0  startup_stm32f103xb.o(.text)
    TIM1_UP_IRQHandler                       0x0800011b   Thumb Code     0  startup_stm32f103xb.o(.text)
    TIM2_IRQHandler                          0x0800011b   Thumb Code     0  startup_stm32f103xb.o(.text)
    TIM3_IRQHandler                          0x0800011b   Thumb Code     0  startup_stm32f103xb.o(.text)
    USBWakeUp_IRQHandler                     0x0800011b   Thumb Code     0  startup_stm32f103xb.o(.text)
    USB_HP_CAN1_TX_IRQHandler                0x0800011b   Thumb Code     0  startup_stm32f103xb.o(.text)
    USB_LP_CAN1_RX0_IRQHandler               0x0800011b   Thumb Code     0  startup_stm32f103xb.o(.text)
    WWDG_IRQHandler                          0x0800011b   Thumb Code     0  startup_stm32f103xb.o(.text)
    __aeabi_memset                           0x08000125   Thumb Code    14  memseta.o(.text)
    __aeabi_memset4                          0x08000125   Thumb Code     0  memseta.o(.text)
    __aeabi_memset8                          0x08000125   Thumb Code     0  memseta.o(.text)
    __aeabi_memclr                           0x08000133   Thumb Code     4  memseta.o(.text)
    __aeabi_memclr4                          0x08000133   Thumb Code     0  memseta.o(.text)
    __aeabi_memclr8                          0x08000133   Thumb Code     0  memseta.o(.text)
    _memset$wrapper                          0x08000137   Thumb Code    18  memseta.o(.text)
    __aeabi_fadd                             0x08000149   Thumb Code   164  fadd.o(.text)
    __aeabi_fsub                             0x080001ed   Thumb Code     6  fadd.o(.text)
    __aeabi_frsub                            0x080001f3   Thumb Code     6  fadd.o(.text)
    __aeabi_fmul                             0x080001f9   Thumb Code   100  fmul.o(.text)
    __aeabi_fdiv                             0x0800025d   Thumb Code   124  fdiv.o(.text)
    __aeabi_dadd                             0x080002d9   Thumb Code   322  dadd.o(.text)
    __aeabi_dsub                             0x0800041b   Thumb Code     6  dadd.o(.text)
    __aeabi_drsub                            0x08000421   Thumb Code     6  dadd.o(.text)
    __aeabi_dmul                             0x08000427   Thumb Code   228  dmul.o(.text)
    __aeabi_ddiv                             0x0800050b   Thumb Code   222  ddiv.o(.text)
    __aeabi_fcmplt                           0x080005e9   Thumb Code    28  fcmplt.o(.text)
    __aeabi_fcmpgt                           0x08000605   Thumb Code    28  fcmpgt.o(.text)
    __aeabi_i2f                              0x08000621   Thumb Code    18  fflti.o(.text)
    __aeabi_ui2f                             0x08000633   Thumb Code    10  ffltui.o(.text)
    __aeabi_f2iz                             0x0800063d   Thumb Code    50  ffixi.o(.text)
    __aeabi_f2uiz                            0x0800066f   Thumb Code    40  ffixui.o(.text)
    __aeabi_uidiv                            0x08000697   Thumb Code     0  uidiv.o(.text)
    __aeabi_uidivmod                         0x08000697   Thumb Code    44  uidiv.o(.text)
    __aeabi_uldivmod                         0x080006c3   Thumb Code    98  uldiv.o(.text)
    __aeabi_llsl                             0x08000725   Thumb Code    30  llshl.o(.text)
    _ll_shift_l                              0x08000725   Thumb Code     0  llshl.o(.text)
    __aeabi_llsr                             0x08000743   Thumb Code    32  llushr.o(.text)
    _ll_ushift_r                             0x08000743   Thumb Code     0  llushr.o(.text)
    __aeabi_lasr                             0x08000763   Thumb Code    36  llsshr.o(.text)
    _ll_sshift_r                             0x08000763   Thumb Code     0  llsshr.o(.text)
    __I$use$fp                               0x08000787   Thumb Code     0  iusefp.o(.text)
    _float_round                             0x08000787   Thumb Code    18  fepilogue.o(.text)
    _float_epilogue                          0x08000799   Thumb Code    92  fepilogue.o(.text)
    _double_round                            0x080007f5   Thumb Code    30  depilogue.o(.text)
    _double_epilogue                         0x08000813   Thumb Code   156  depilogue.o(.text)
    __aeabi_d2ulz                            0x080008af   Thumb Code    48  dfixul.o(.text)
    __aeabi_cdrcmple                         0x080008e1   Thumb Code    48  cdrcmple.o(.text)
    __scatterload                            0x08000911   Thumb Code    28  init.o(.text)
    __scatterload_rt2                        0x08000911   Thumb Code     0  init.o(.text)
    ADC_ConversionStop_Disable               0x08000935   Thumb Code    96  stm32f1xx_hal_adc.o(.text.ADC_ConversionStop_Disable)
    ADC_Enable                               0x08000995   Thumb Code   138  stm32f1xx_hal_adc.o(.text.ADC_Enable)
    BLUETOOTH_Init                           0x08000a21   Thumb Code    34  bluetooth.o(.text.BLUETOOTH_Init)
    BLUETOOTH_process_information            0x08000a45   Thumb Code   296  bluetooth.o(.text.BLUETOOTH_process_information)
    BusFault_Handler                         0x08000b6d   Thumb Code     2  stm32f1xx_it.o(.text.BusFault_Handler)
    DMA1_Channel3_IRQHandler                 0x08000b71   Thumb Code    12  stm32f1xx_it.o(.text.DMA1_Channel3_IRQHandler)
    DMA1_Channel5_IRQHandler                 0x08000b7d   Thumb Code    12  stm32f1xx_it.o(.text.DMA1_Channel5_IRQHandler)
    DMA1_Channel6_IRQHandler                 0x08000b89   Thumb Code    12  stm32f1xx_it.o(.text.DMA1_Channel6_IRQHandler)
    DebugMon_Handler                         0x08000b95   Thumb Code     2  stm32f1xx_it.o(.text.DebugMon_Handler)
    EXTI9_5_IRQHandler                       0x08000b99   Thumb Code     6  stm32f1xx_it.o(.text.EXTI9_5_IRQHandler)
    Error_Handler                            0x08000ba1   Thumb Code    10  main.o(.text.Error_Handler)
    Face_Init                                0x08000bad   Thumb Code    44  face.o(.text.Face_Init)
    HAL_ADCEx_Calibration_Start              0x08000bd9   Thumb Code   228  stm32f1xx_hal_adc_ex.o(.text.HAL_ADCEx_Calibration_Start)
    HAL_ADC_ConfigChannel                    0x08000cbd   Thumb Code   296  stm32f1xx_hal_adc.o(.text.HAL_ADC_ConfigChannel)
    HAL_ADC_GetValue                         0x08000de5   Thumb Code     6  stm32f1xx_hal_adc.o(.text.HAL_ADC_GetValue)
    HAL_ADC_Init                             0x08000ded   Thumb Code   348  stm32f1xx_hal_adc.o(.text.HAL_ADC_Init)
    HAL_ADC_MspInit                          0x08000f49   Thumb Code   100  adc.o(.text.HAL_ADC_MspInit)
    HAL_ADC_PollForConversion                0x08000fad   Thumb Code   452  stm32f1xx_hal_adc.o(.text.HAL_ADC_PollForConversion)
    HAL_ADC_Start                            0x08001171   Thumb Code   230  stm32f1xx_hal_adc.o(.text.HAL_ADC_Start)
    HAL_ADC_Stop                             0x08001259   Thumb Code   130  stm32f1xx_hal_adc.o(.text.HAL_ADC_Stop)
    HAL_DMA_Abort                            0x080012dd   Thumb Code    62  stm32f1xx_hal_dma.o(.text.HAL_DMA_Abort)
    HAL_DMA_Abort_IT                         0x0800131d   Thumb Code   180  stm32f1xx_hal_dma.o(.text.HAL_DMA_Abort_IT)
    HAL_DMA_IRQHandler                       0x080013d1   Thumb Code   384  stm32f1xx_hal_dma.o(.text.HAL_DMA_IRQHandler)
    HAL_DMA_Init                             0x08001551   Thumb Code   132  stm32f1xx_hal_dma.o(.text.HAL_DMA_Init)
    HAL_DMA_Start_IT                         0x080015d5   Thumb Code   162  stm32f1xx_hal_dma.o(.text.HAL_DMA_Start_IT)
    HAL_Delay                                0x08001679   Thumb Code    44  stm32f1xx_hal.o(.text.HAL_Delay)
    HAL_GPIO_EXTI_Callback                   0x080016a5   Thumb Code   100  myit.o(.text.HAL_GPIO_EXTI_Callback)
    HAL_GPIO_EXTI_IRQHandler                 0x08001709   Thumb Code    22  stm32f1xx_hal_gpio.o(.text.HAL_GPIO_EXTI_IRQHandler)
    HAL_GPIO_Init                            0x08001721   Thumb Code   546  stm32f1xx_hal_gpio.o(.text.HAL_GPIO_Init)
    HAL_GPIO_ReadPin                         0x08001945   Thumb Code    10  stm32f1xx_hal_gpio.o(.text.HAL_GPIO_ReadPin)
    HAL_GPIO_TogglePin                       0x08001951   Thumb Code    16  stm32f1xx_hal_gpio.o(.text.HAL_GPIO_TogglePin)
    HAL_GPIO_WritePin                        0x08001961   Thumb Code    10  stm32f1xx_hal_gpio.o(.text.HAL_GPIO_WritePin)
    HAL_GetTick                              0x0800196d   Thumb Code    12  stm32f1xx_hal.o(.text.HAL_GetTick)
    HAL_IncTick                              0x08001979   Thumb Code    18  stm32f1xx_hal.o(.text.HAL_IncTick)
    HAL_Init                                 0x0800198d   Thumb Code    38  stm32f1xx_hal.o(.text.HAL_Init)
    HAL_InitTick                             0x080019b5   Thumb Code    68  stm32f1xx_hal.o(.text.HAL_InitTick)
    HAL_MspInit                              0x080019f9   Thumb Code    66  stm32f1xx_hal_msp.o(.text.HAL_MspInit)
    HAL_NVIC_EnableIRQ                       0x08001a3d   Thumb Code    32  stm32f1xx_hal_cortex.o(.text.HAL_NVIC_EnableIRQ)
    HAL_NVIC_SetPriority                     0x08001a5d   Thumb Code   100  stm32f1xx_hal_cortex.o(.text.HAL_NVIC_SetPriority)
    HAL_NVIC_SetPriorityGrouping             0x08001ac1   Thumb Code    32  stm32f1xx_hal_cortex.o(.text.HAL_NVIC_SetPriorityGrouping)
    HAL_RCCEx_GetPeriphCLKFreq               0x08001ae1   Thumb Code   228  stm32f1xx_hal_rcc_ex.o(.text.HAL_RCCEx_GetPeriphCLKFreq)
    HAL_RCCEx_PeriphCLKConfig                0x08001bc5   Thumb Code   276  stm32f1xx_hal_rcc_ex.o(.text.HAL_RCCEx_PeriphCLKConfig)
    HAL_RCC_ClockConfig                      0x08001cd9   Thumb Code   436  stm32f1xx_hal_rcc.o(.text.HAL_RCC_ClockConfig)
    HAL_RCC_GetPCLK1Freq                     0x08001e8d   Thumb Code    38  stm32f1xx_hal_rcc.o(.text.HAL_RCC_GetPCLK1Freq)
    HAL_RCC_GetPCLK2Freq                     0x08001eb5   Thumb Code    38  stm32f1xx_hal_rcc.o(.text.HAL_RCC_GetPCLK2Freq)
    HAL_RCC_OscConfig                        0x08001edd   Thumb Code   990  stm32f1xx_hal_rcc.o(.text.HAL_RCC_OscConfig)
    HAL_SPI_Init                             0x080022bd   Thumb Code   186  stm32f1xx_hal_spi.o(.text.HAL_SPI_Init)
    HAL_SPI_MspInit                          0x08002379   Thumb Code   126  spi.o(.text.HAL_SPI_MspInit)
    HAL_SYSTICK_Config                       0x080023f9   Thumb Code    44  stm32f1xx_hal_cortex.o(.text.HAL_SYSTICK_Config)
    HAL_TIMEx_BreakCallback                  0x08002425   Thumb Code     2  stm32f1xx_hal_tim_ex.o(.text.HAL_TIMEx_BreakCallback)
    HAL_TIMEx_CommutCallback                 0x08002429   Thumb Code     2  stm32f1xx_hal_tim_ex.o(.text.HAL_TIMEx_CommutCallback)
    HAL_TIMEx_ConfigBreakDeadTime            0x0800242d   Thumb Code    82  stm32f1xx_hal_tim_ex.o(.text.HAL_TIMEx_ConfigBreakDeadTime)
    HAL_TIMEx_MasterConfigSynchronization    0x08002481   Thumb Code   120  stm32f1xx_hal_tim_ex.o(.text.HAL_TIMEx_MasterConfigSynchronization)
    HAL_TIM_Base_Init                        0x080024f9   Thumb Code   230  stm32f1xx_hal_tim.o(.text.HAL_TIM_Base_Init)
    HAL_TIM_Base_MspInit                     0x080025e1   Thumb Code   140  tim.o(.text.HAL_TIM_Base_MspInit)
    HAL_TIM_Base_Start_IT                    0x0800266d   Thumb Code   102  stm32f1xx_hal_tim.o(.text.HAL_TIM_Base_Start_IT)
    HAL_TIM_ConfigClockSource                0x080026d5   Thumb Code   414  stm32f1xx_hal_tim.o(.text.HAL_TIM_ConfigClockSource)
    HAL_TIM_IC_CaptureCallback               0x08002875   Thumb Code     2  stm32f1xx_hal_tim.o(.text.HAL_TIM_IC_CaptureCallback)
    HAL_TIM_IC_ConfigChannel                 0x08002879   Thumb Code   364  stm32f1xx_hal_tim.o(.text.HAL_TIM_IC_ConfigChannel)
    HAL_TIM_IC_Init                          0x080029e5   Thumb Code   230  stm32f1xx_hal_tim.o(.text.HAL_TIM_IC_Init)
    HAL_TIM_IC_MspInit                       0x08002acd   Thumb Code    96  tim.o(.text.HAL_TIM_IC_MspInit)
    HAL_TIM_IRQHandler                       0x08002b2d   Thumb Code   282  stm32f1xx_hal_tim.o(.text.HAL_TIM_IRQHandler)
    HAL_TIM_OC_DelayElapsedCallback          0x08002c49   Thumb Code     2  stm32f1xx_hal_tim.o(.text.HAL_TIM_OC_DelayElapsedCallback)
    HAL_TIM_PWM_ConfigChannel                0x08002c4d   Thumb Code   498  stm32f1xx_hal_tim.o(.text.HAL_TIM_PWM_ConfigChannel)
    HAL_TIM_PWM_Init                         0x08002e41   Thumb Code   230  stm32f1xx_hal_tim.o(.text.HAL_TIM_PWM_Init)
    HAL_TIM_PWM_MspInit                      0x08002f29   Thumb Code     2  stm32f1xx_hal_tim.o(.text.HAL_TIM_PWM_MspInit)
    HAL_TIM_PWM_PulseFinishedCallback        0x08002f2d   Thumb Code     2  stm32f1xx_hal_tim.o(.text.HAL_TIM_PWM_PulseFinishedCallback)
    HAL_TIM_PWM_Start                        0x08002f31   Thumb Code   188  stm32f1xx_hal_tim.o(.text.HAL_TIM_PWM_Start)
    HAL_TIM_PeriodElapsedCallback            0x08002fed   Thumb Code    30  myit.o(.text.HAL_TIM_PeriodElapsedCallback)
    HAL_TIM_SlaveConfigSynchro               0x0800300d   Thumb Code    72  stm32f1xx_hal_tim.o(.text.HAL_TIM_SlaveConfigSynchro)
    HAL_TIM_TriggerCallback                  0x08003055   Thumb Code     2  stm32f1xx_hal_tim.o(.text.HAL_TIM_TriggerCallback)
    HAL_UARTEx_RxEventCallback               0x08003059   Thumb Code     2  stm32f1xx_hal_uart.o(.text.HAL_UARTEx_RxEventCallback)
    HAL_UART_DMAStop                         0x0800305d   Thumb Code   218  stm32f1xx_hal_uart.o(.text.HAL_UART_DMAStop)
    HAL_UART_ErrorCallback                   0x08003139   Thumb Code     2  stm32f1xx_hal_uart.o(.text.HAL_UART_ErrorCallback)
    HAL_UART_IRQHandler                      0x0800313d   Thumb Code   772  stm32f1xx_hal_uart.o(.text.HAL_UART_IRQHandler)
    HAL_UART_Init                            0x08003441   Thumb Code   224  stm32f1xx_hal_uart.o(.text.HAL_UART_Init)
    HAL_UART_MspInit                         0x08003521   Thumb Code   548  usart.o(.text.HAL_UART_MspInit)
    HAL_UART_Receive_DMA                     0x08003745   Thumb Code   184  stm32f1xx_hal_uart.o(.text.HAL_UART_Receive_DMA)
    HAL_UART_RxCpltCallback                  0x080037fd   Thumb Code     2  stm32f1xx_hal_uart.o(.text.HAL_UART_RxCpltCallback)
    HAL_UART_RxHalfCpltCallback              0x08003801   Thumb Code     2  stm32f1xx_hal_uart.o(.text.HAL_UART_RxHalfCpltCallback)
    HAL_UART_Transmit                        0x08003805   Thumb Code   352  stm32f1xx_hal_uart.o(.text.HAL_UART_Transmit)
    HAL_UART_TxCpltCallback                  0x08003965   Thumb Code     2  stm32f1xx_hal_uart.o(.text.HAL_UART_TxCpltCallback)
    HMI_Init                                 0x08003969   Thumb Code    34  hmi.o(.text.HMI_Init)
    HMI_process_information                  0x0800398d   Thumb Code   200  hmi.o(.text.HMI_process_information)
    HMI_send_hex_values                      0x08003a55   Thumb Code    60  hmi.o(.text.HMI_send_hex_values)
    HardFault_Handler                        0x08003a91   Thumb Code     2  stm32f1xx_it.o(.text.HardFault_Handler)
    LED_Toggle                               0x08003a95   Thumb Code    16  bsp_led.o(.text.LED_Toggle)
    MX_ADC1_Init                             0x08003aa5   Thumb Code    96  adc.o(.text.MX_ADC1_Init)
    MX_DMA_Init                              0x08003b05   Thumb Code    84  dma.o(.text.MX_DMA_Init)
    MX_GPIO_Init                             0x08003b59   Thumb Code   264  gpio.o(.text.MX_GPIO_Init)
    MX_SPI2_Init                             0x08003c61   Thumb Code    72  spi.o(.text.MX_SPI2_Init)
    MX_TIM1_Init                             0x08003ca9   Thumb Code   398  tim.o(.text.MX_TIM1_Init)
    MX_TIM2_Init                             0x08003e39   Thumb Code   202  tim.o(.text.MX_TIM2_Init)
    MX_TIM3_Init                             0x08003f05   Thumb Code   126  tim.o(.text.MX_TIM3_Init)
    MX_TIM4_Init                             0x08003f85   Thumb Code   128  tim.o(.text.MX_TIM4_Init)
    MX_USART1_UART_Init                      0x08004005   Thumb Code    60  usart.o(.text.MX_USART1_UART_Init)
    MX_USART2_UART_Init                      0x08004041   Thumb Code    60  usart.o(.text.MX_USART2_UART_Init)
    MX_USART3_UART_Init                      0x0800407d   Thumb Code    60  usart.o(.text.MX_USART3_UART_Init)
    MemManage_Handler                        0x080040b9   Thumb Code     2  stm32f1xx_it.o(.text.MemManage_Handler)
    Myit_Init                                0x080040bd   Thumb Code    12  myit.o(.text.Myit_Init)
    NMI_Handler                              0x080040c9   Thumb Code     2  stm32f1xx_it.o(.text.NMI_Handler)
    OLED_Clear                               0x080040cd   Thumb Code    20  oled.o(.text.OLED_Clear)
    OLED_I2C_SendByte                        0x080040e1   Thumb Code   232  oled.o(.text.OLED_I2C_SendByte)
    OLED_I2C_Start                           0x080041c9   Thumb Code   170  oled.o(.text.OLED_I2C_Start)
    OLED_I2C_Stop                            0x08004275   Thumb Code   134  oled.o(.text.OLED_I2C_Stop)
    OLED_Init                                0x080042fd   Thumb Code   688  oled.o(.text.OLED_Init)
    OLED_SetCursor                           0x080045ad   Thumb Code    98  oled.o(.text.OLED_SetCursor)
    OLED_ShowImage                           0x08004611   Thumb Code   402  oled.o(.text.OLED_ShowImage)
    OLED_Update                              0x080047a5   Thumb Code   392  oled.o(.text.OLED_Update)
    PendSV_Handler                           0x0800492d   Thumb Code     2  stm32f1xx_it.o(.text.PendSV_Handler)
    SVC_Handler                              0x08004931   Thumb Code     2  stm32f1xx_it.o(.text.SVC_Handler)
    SysTick_Handler                          0x08004935   Thumb Code     4  stm32f1xx_it.o(.text.SysTick_Handler)
    SystemInit                               0x08004939   Thumb Code     2  system_stm32f1xx.o(.text.SystemInit)
    TIM4_IRQHandler                          0x0800493d   Thumb Code    12  stm32f1xx_it.o(.text.TIM4_IRQHandler)
    USART1_IRQHandler                        0x08004c59   Thumb Code    12  stm32f1xx_it.o(.text.USART1_IRQHandler)
    USART2_IRQHandler                        0x08004c65   Thumb Code    58  stm32f1xx_it.o(.text.USART2_IRQHandler)
    USART3_IRQHandler                        0x08004ca1   Thumb Code    58  stm32f1xx_it.o(.text.USART3_IRQHandler)
    UsageFault_Handler                       0x08004cdd   Thumb Code     2  stm32f1xx_it.o(.text.UsageFault_Handler)
    adc_light_process                        0x08004ce1   Thumb Code   172  main.o(.text.adc_light_process)
    fputc                                    0x08004d8d   Thumb Code    32  bsp_uart.o(.text.fputc)
    main                                     0x08004dad   Thumb Code   450  main.o(.text.main)
    motion_init                              0x08004f71   Thumb Code    46  motion.o(.text.motion_init)
    motion_move                              0x08004fa1   Thumb Code   704  motion.o(.text.motion_move)
    motion_perform_action                    0x08005261   Thumb Code   496  motion.o(.text.motion_perform_action)
    motion_set_pose                          0x08005451   Thumb Code    48  motion.o(.text.motion_set_pose)
    motion_set_speed                         0x08005481   Thumb Code    16  motion.o(.text.motion_set_speed)
    servo_Init                               0x08005491   Thumb Code    46  servo.o(.text.servo_Init)
    servo_adjust                             0x080054c1   Thumb Code    24  servo.o(.text.servo_adjust)
    servo_set_angles                         0x080054d9   Thumb Code   312  servo.o(.text.servo_set_angles)
    uart_to_51                               0x08005791   Thumb Code  1048  dog.o(.text.uart_to_51)
    __0printf                                0x08005ba9   Thumb Code    22  printfa.o(i.__0printf)
    __1printf                                0x08005ba9   Thumb Code     0  printfa.o(i.__0printf)
    __2printf                                0x08005ba9   Thumb Code     0  printfa.o(i.__0printf)
    __c89printf                              0x08005ba9   Thumb Code     0  printfa.o(i.__0printf)
    printf                                   0x08005ba9   Thumb Code     0  printfa.o(i.__0printf)
    __scatterload_copy                       0x08005bc9   Thumb Code    14  handlers.o(i.__scatterload_copy)
    __scatterload_null                       0x08005bd7   Thumb Code     2  handlers.o(i.__scatterload_null)
    __scatterload_zeroinit                   0x08005bd9   Thumb Code    14  handlers.o(i.__scatterload_zeroinit)
    putchar                                  0x0800649d   Thumb Code     6  putchar.o(i.putchar)
    puts                                     0x080064a9   Thumb Code    30  puts.o(i.puts)
    AHBPrescTable                            0x080064dc   Data          16  system_stm32f1xx.o(.rodata.AHBPrescTable)
    APBPrescTable                            0x080064ec   Data           8  system_stm32f1xx.o(.rodata.APBPrescTable)
    BMP1                                     0x080064f4   Data        1024  oled_data.o(.rodata.BMP1)
    BMP2                                     0x080068f4   Data        1024  oled_data.o(.rodata.BMP2)
    BMP3                                     0x08006cf4   Data        1024  oled_data.o(.rodata.BMP3)
    BMP4                                     0x080070f4   Data        1024  oled_data.o(.rodata.BMP4)
    BMP6                                     0x080074f4   Data        1024  oled_data.o(.rodata.BMP6)
    BMPaa                                    0x080078f4   Data        1024  oled_data.o(.rodata.BMPaa)
    BMPbb                                    0x08007cf4   Data        1024  oled_data.o(.rodata.BMPbb)
    BMPcc                                    0x080080f4   Data        1024  oled_data.o(.rodata.BMPcc)
    CantabImg                                0x080084f4   Data         440  oled_data.o(.rodata.CantabImg)
    OSHAImg                                  0x080086ac   Data         688  oled_data.o(.rodata.OSHAImg)
    SZTUImg1                                 0x0800895c   Data         424  oled_data.o(.rodata.SZTUImg1)
    rosydoedian                              0x08008b34   Data         810  oled_data.o(.rodata.rosydoedian)
    Region$$Table$$Base                      0x08008e60   Number         0  anon$$obj.o(Region$$Table)
    Region$$Table$$Limit                     0x08008e80   Number         0  anon$$obj.o(Region$$Table)
    __stdout                                 0x20000000   Data           4  stdout.o(.data)
    Myit_f                                   0x20000010   Data           1  main.o(.data..L_MergedGlobals)
    hex_data                                 0x20000011   Data           1  main.o(.data..L_MergedGlobals)
    dog_light_f                              0x20000012   Data           1  main.o(.data..L_MergedGlobals)
    time_cnt                                 0x20000014   Data           2  main.o(.data..L_MergedGlobals)
    data_length                              0x20000018   Data           4  main.o(.data..L_MergedGlobals)
    hface                                    0x2000001c   Data           8  main.o(.data..L_MergedGlobals)
    hMotion                                  0x20000024   Data          18  main.o(.data..L_MergedGlobals)
    uwTickFreq                               0x20000038   Data           1  stm32f1xx_hal.o(.data..L_MergedGlobals)
    uwTickPrio                               0x2000003c   Data           4  stm32f1xx_hal.o(.data..L_MergedGlobals)
    uwTick                                   0x20000040   Data           4  stm32f1xx_hal.o(.data..L_MergedGlobals)
    SystemCoreClock                          0x20000044   Data           4  system_stm32f1xx.o(.data.SystemCoreClock)
    hdma_usart1_rx                           0x20000050   Data          68  usart.o(.bss..L_MergedGlobals)
    HMI_RxFlag                               0x200000a0   Data           1  hmi.o(.bss..L_MergedGlobals)
    RxCount                                  0x200000a1   Data           1  hmi.o(.bss..L_MergedGlobals)
    RxBuffer                                 0x200000a2   Data         100  hmi.o(.bss..L_MergedGlobals)
    BLUETOOTH_RxFlag                         0x20000110   Data           1  bluetooth.o(.bss..L_MergedGlobals)
    BlueTooth_RxCount                        0x20000111   Data           1  bluetooth.o(.bss..L_MergedGlobals)
    BlueTooth_RxBuffer                       0x20000112   Data         100  bluetooth.o(.bss..L_MergedGlobals)
    hdma_usart2_rx                           0x20000180   Data          68  usart.o(.bss..L_MergedGlobals.1)
    hdma_usart3_rx                           0x200001d0   Data          68  usart.o(.bss..L_MergedGlobals.2)
    OLED_DisplayBuf                          0x20000214   Data        1024  oled.o(.bss.OLED_DisplayBuf)
    TxBuffer                                 0x20000614   Data         256  hmi.o(.bss.TxBuffer)
    hadc1                                    0x20000714   Data          48  adc.o(.bss.hadc1)
    hspi2                                    0x20000744   Data          88  spi.o(.bss.hspi2)
    htim1                                    0x2000079c   Data          72  tim.o(.bss.htim1)
    htim2                                    0x200007e4   Data          72  tim.o(.bss.htim2)
    htim3                                    0x2000082c   Data          72  tim.o(.bss.htim3)
    htim4                                    0x20000874   Data          72  tim.o(.bss.htim4)
    huart1                                   0x200008bc   Data          72  usart.o(.bss.huart1)
    huart2                                   0x20000904   Data          72  usart.o(.bss.huart2)
    huart3                                   0x2000094c   Data          72  usart.o(.bss.huart3)
    touch_EXTI_f                             0x20000998   Data           1  myit.o(.bss.touch_EXTI_f)
    __initial_sp                             0x20000da0   Data           0  startup_stm32f103xb.o(STACK)



==============================================================================

Memory Map of the image

  Image Entry point : 0x080000ed

  Load Region LR_IROM1 (Base: 0x08000000, Size: 0x00008ed0, Max: 0x00010000, ABSOLUTE)

    Execution Region ER_IROM1 (Exec base: 0x08000000, Load base: 0x08000000, Size: 0x00008e80, Max: 0x00010000, ABSOLUTE)

    Exec Addr    Load Addr    Size         Type   Attr      Idx    E Section Name        Object

    0x08000000   0x08000000   0x000000ec   Data   RO            3    RESET               startup_stm32f103xb.o
    0x080000ec   0x080000ec   0x00000000   Code   RO         1607  * .ARM.Collect$$$$00000000  mc_w.l(entry.o)
    0x080000ec   0x080000ec   0x00000004   Code   RO         1950    .ARM.Collect$$$$00000001  mc_w.l(entry2.o)
    0x080000f0   0x080000f0   0x00000004   Code   RO         1953    .ARM.Collect$$$$00000004  mc_w.l(entry5.o)
    0x080000f4   0x080000f4   0x00000000   Code   RO         1955    .ARM.Collect$$$$00000008  mc_w.l(entry7b.o)
    0x080000f4   0x080000f4   0x00000000   Code   RO         1957    .ARM.Collect$$$$0000000A  mc_w.l(entry8b.o)
    0x080000f4   0x080000f4   0x00000008   Code   RO         1958    .ARM.Collect$$$$0000000B  mc_w.l(entry9a.o)
    0x080000fc   0x080000fc   0x00000000   Code   RO         1960    .ARM.Collect$$$$0000000D  mc_w.l(entry10a.o)
    0x080000fc   0x080000fc   0x00000000   Code   RO         1962    .ARM.Collect$$$$0000000F  mc_w.l(entry11a.o)
    0x080000fc   0x080000fc   0x00000004   Code   RO         1951    .ARM.Collect$$$$00002712  mc_w.l(entry2.o)
    0x08000100   0x08000100   0x00000024   Code   RO            4    .text               startup_stm32f103xb.o
    0x08000124   0x08000124   0x00000024   Code   RO         1616    .text               mc_w.l(memseta.o)
    0x08000148   0x08000148   0x000000b0   Code   RO         1881    .text               mf_w.l(fadd.o)
    0x080001f8   0x080001f8   0x00000064   Code   RO         1883    .text               mf_w.l(fmul.o)
    0x0800025c   0x0800025c   0x0000007c   Code   RO         1885    .text               mf_w.l(fdiv.o)
    0x080002d8   0x080002d8   0x0000014e   Code   RO         1887    .text               mf_w.l(dadd.o)
    0x08000426   0x08000426   0x000000e4   Code   RO         1889    .text               mf_w.l(dmul.o)
    0x0800050a   0x0800050a   0x000000de   Code   RO         1891    .text               mf_w.l(ddiv.o)
    0x080005e8   0x080005e8   0x0000001c   Code   RO         1895    .text               mf_w.l(fcmplt.o)
    0x08000604   0x08000604   0x0000001c   Code   RO         1899    .text               mf_w.l(fcmpgt.o)
    0x08000620   0x08000620   0x00000012   Code   RO         1907    .text               mf_w.l(fflti.o)
    0x08000632   0x08000632   0x0000000a   Code   RO         1909    .text               mf_w.l(ffltui.o)
    0x0800063c   0x0800063c   0x00000032   Code   RO         1915    .text               mf_w.l(ffixi.o)
    0x0800066e   0x0800066e   0x00000028   Code   RO         1917    .text               mf_w.l(ffixui.o)
    0x08000696   0x08000696   0x0000002c   Code   RO         1965    .text               mc_w.l(uidiv.o)
    0x080006c2   0x080006c2   0x00000062   Code   RO         1967    .text               mc_w.l(uldiv.o)
    0x08000724   0x08000724   0x0000001e   Code   RO         1969    .text               mc_w.l(llshl.o)
    0x08000742   0x08000742   0x00000020   Code   RO         1971    .text               mc_w.l(llushr.o)
    0x08000762   0x08000762   0x00000024   Code   RO         1973    .text               mc_w.l(llsshr.o)
    0x08000786   0x08000786   0x00000000   Code   RO         1982    .text               mc_w.l(iusefp.o)
    0x08000786   0x08000786   0x0000006e   Code   RO         1983    .text               mf_w.l(fepilogue.o)
    0x080007f4   0x080007f4   0x000000ba   Code   RO         1985    .text               mf_w.l(depilogue.o)
    0x080008ae   0x080008ae   0x00000030   Code   RO         1989    .text               mf_w.l(dfixul.o)
    0x080008de   0x080008de   0x00000002   PAD
    0x080008e0   0x080008e0   0x00000030   Code   RO         1993    .text               mf_w.l(cdrcmple.o)
    0x08000910   0x08000910   0x00000024   Code   RO         1999    .text               mc_w.l(init.o)
    0x08000934   0x08000934   0x00000060   Code   RO          240    .text.ADC_ConversionStop_Disable  stm32f1xx_hal_adc.o
    0x08000994   0x08000994   0x0000008a   Code   RO          248    .text.ADC_Enable    stm32f1xx_hal_adc.o
    0x08000a1e   0x08000a1e   0x00000002   PAD
    0x08000a20   0x08000a20   0x00000022   Code   RO         1385    .text.BLUETOOTH_Init  bluetooth.o
    0x08000a42   0x08000a42   0x00000002   PAD
    0x08000a44   0x08000a44   0x00000128   Code   RO         1389    .text.BLUETOOTH_process_information  bluetooth.o
    0x08000b6c   0x08000b6c   0x00000002   Code   RO          167    .text.BusFault_Handler  stm32f1xx_it.o
    0x08000b6e   0x08000b6e   0x00000002   PAD
    0x08000b70   0x08000b70   0x0000000c   Code   RO          179    .text.DMA1_Channel3_IRQHandler  stm32f1xx_it.o
    0x08000b7c   0x08000b7c   0x0000000c   Code   RO          181    .text.DMA1_Channel5_IRQHandler  stm32f1xx_it.o
    0x08000b88   0x08000b88   0x0000000c   Code   RO          183    .text.DMA1_Channel6_IRQHandler  stm32f1xx_it.o
    0x08000b94   0x08000b94   0x00000002   Code   RO          173    .text.DebugMon_Handler  stm32f1xx_it.o
    0x08000b96   0x08000b96   0x00000002   PAD
    0x08000b98   0x08000b98   0x00000006   Code   RO          185    .text.EXTI9_5_IRQHandler  stm32f1xx_it.o
    0x08000b9e   0x08000b9e   0x00000002   PAD
    0x08000ba0   0x08000ba0   0x0000000a   Code   RO           19    .text.Error_Handler  main.o
    0x08000baa   0x08000baa   0x00000002   PAD
    0x08000bac   0x08000bac   0x0000002c   Code   RO         1547    .text.Face_Init     face.o
    0x08000bd8   0x08000bd8   0x000000e4   Code   RO          301    .text.HAL_ADCEx_Calibration_Start  stm32f1xx_hal_adc_ex.o
    0x08000cbc   0x08000cbc   0x00000128   Code   RO          282    .text.HAL_ADC_ConfigChannel  stm32f1xx_hal_adc.o
    0x08000de4   0x08000de4   0x00000006   Code   RO          270    .text.HAL_ADC_GetValue  stm32f1xx_hal_adc.o
    0x08000dea   0x08000dea   0x00000002   PAD
    0x08000dec   0x08000dec   0x0000015c   Code   RO          236    .text.HAL_ADC_Init  stm32f1xx_hal_adc.o
    0x08000f48   0x08000f48   0x00000064   Code   RO           54    .text.HAL_ADC_MspInit  adc.o
    0x08000fac   0x08000fac   0x000001c4   Code   RO          252    .text.HAL_ADC_PollForConversion  stm32f1xx_hal_adc.o
    0x08001170   0x08001170   0x000000e6   Code   RO          246    .text.HAL_ADC_Start  stm32f1xx_hal_adc.o
    0x08001256   0x08001256   0x00000002   PAD
    0x08001258   0x08001258   0x00000082   Code   RO          250    .text.HAL_ADC_Stop  stm32f1xx_hal_adc.o
    0x080012da   0x080012da   0x00000002   PAD
    0x080012dc   0x080012dc   0x0000003e   Code   RO          492    .text.HAL_DMA_Abort  stm32f1xx_hal_dma.o
    0x0800131a   0x0800131a   0x00000002   PAD
    0x0800131c   0x0800131c   0x000000b4   Code   RO          494    .text.HAL_DMA_Abort_IT  stm32f1xx_hal_dma.o
    0x080013d0   0x080013d0   0x00000180   Code   RO          498    .text.HAL_DMA_IRQHandler  stm32f1xx_hal_dma.o
    0x08001550   0x08001550   0x00000084   Code   RO          484    .text.HAL_DMA_Init  stm32f1xx_hal_dma.o
    0x080015d4   0x080015d4   0x000000a2   Code   RO          490    .text.HAL_DMA_Start_IT  stm32f1xx_hal_dma.o
    0x08001676   0x08001676   0x00000002   PAD
    0x08001678   0x08001678   0x0000002c   Code   RO          358    .text.HAL_Delay     stm32f1xx_hal.o
    0x080016a4   0x080016a4   0x00000064   Code   RO         1333    .text.HAL_GPIO_EXTI_Callback  myit.o
    0x08001708   0x08001708   0x00000016   Code   RO          469    .text.HAL_GPIO_EXTI_IRQHandler  stm32f1xx_hal_gpio.o
    0x0800171e   0x0800171e   0x00000002   PAD
    0x08001720   0x08001720   0x00000222   Code   RO          457    .text.HAL_GPIO_Init  stm32f1xx_hal_gpio.o
    0x08001942   0x08001942   0x00000002   PAD
    0x08001944   0x08001944   0x0000000a   Code   RO          461    .text.HAL_GPIO_ReadPin  stm32f1xx_hal_gpio.o
    0x0800194e   0x0800194e   0x00000002   PAD
    0x08001950   0x08001950   0x00000010   Code   RO          465    .text.HAL_GPIO_TogglePin  stm32f1xx_hal_gpio.o
    0x08001960   0x08001960   0x0000000a   Code   RO          463    .text.HAL_GPIO_WritePin  stm32f1xx_hal_gpio.o
    0x0800196a   0x0800196a   0x00000002   PAD
    0x0800196c   0x0800196c   0x0000000c   Code   RO          350    .text.HAL_GetTick   stm32f1xx_hal.o
    0x08001978   0x08001978   0x00000012   Code   RO          348    .text.HAL_IncTick   stm32f1xx_hal.o
    0x0800198a   0x0800198a   0x00000002   PAD
    0x0800198c   0x0800198c   0x00000026   Code   RO          338    .text.HAL_Init      stm32f1xx_hal.o
    0x080019b2   0x080019b2   0x00000002   PAD
    0x080019b4   0x080019b4   0x00000044   Code   RO          340    .text.HAL_InitTick  stm32f1xx_hal.o
    0x080019f8   0x080019f8   0x00000042   Code   RO          206    .text.HAL_MspInit   stm32f1xx_hal_msp.o
    0x08001a3a   0x08001a3a   0x00000002   PAD
    0x08001a3c   0x08001a3c   0x00000020   Code   RO          523    .text.HAL_NVIC_EnableIRQ  stm32f1xx_hal_cortex.o
    0x08001a5c   0x08001a5c   0x00000064   Code   RO          521    .text.HAL_NVIC_SetPriority  stm32f1xx_hal_cortex.o
    0x08001ac0   0x08001ac0   0x00000020   Code   RO          519    .text.HAL_NVIC_SetPriorityGrouping  stm32f1xx_hal_cortex.o
    0x08001ae0   0x08001ae0   0x000000e4   Code   RO          444    .text.HAL_RCCEx_GetPeriphCLKFreq  stm32f1xx_hal_rcc_ex.o
    0x08001bc4   0x08001bc4   0x00000114   Code   RO          440    .text.HAL_RCCEx_PeriphCLKConfig  stm32f1xx_hal_rcc_ex.o
    0x08001cd8   0x08001cd8   0x000001b4   Code   RO          404    .text.HAL_RCC_ClockConfig  stm32f1xx_hal_rcc.o
    0x08001e8c   0x08001e8c   0x00000026   Code   RO          416    .text.HAL_RCC_GetPCLK1Freq  stm32f1xx_hal_rcc.o
    0x08001eb2   0x08001eb2   0x00000002   PAD
    0x08001eb4   0x08001eb4   0x00000026   Code   RO          418    .text.HAL_RCC_GetPCLK2Freq  stm32f1xx_hal_rcc.o
    0x08001eda   0x08001eda   0x00000002   PAD
    0x08001edc   0x08001edc   0x000003de   Code   RO          402    .text.HAL_RCC_OscConfig  stm32f1xx_hal_rcc.o
    0x080022ba   0x080022ba   0x00000002   PAD
    0x080022bc   0x080022bc   0x000000ba   Code   RO          697    .text.HAL_SPI_Init  stm32f1xx_hal_spi.o
    0x08002376   0x08002376   0x00000002   PAD
    0x08002378   0x08002378   0x0000007e   Code   RO           85    .text.HAL_SPI_MspInit  spi.o
    0x080023f6   0x080023f6   0x00000002   PAD
    0x080023f8   0x080023f8   0x0000002c   Code   RO          529    .text.HAL_SYSTICK_Config  stm32f1xx_hal_cortex.o
    0x08002424   0x08002424   0x00000002   Code   RO         1120    .text.HAL_TIMEx_BreakCallback  stm32f1xx_hal_tim_ex.o
    0x08002426   0x08002426   0x00000002   PAD
    0x08002428   0x08002428   0x00000002   Code   RO         1116    .text.HAL_TIMEx_CommutCallback  stm32f1xx_hal_tim_ex.o
    0x0800242a   0x0800242a   0x00000002   PAD
    0x0800242c   0x0800242c   0x00000052   Code   RO         1112    .text.HAL_TIMEx_ConfigBreakDeadTime  stm32f1xx_hal_tim_ex.o
    0x0800247e   0x0800247e   0x00000002   PAD
    0x08002480   0x08002480   0x00000078   Code   RO         1110    .text.HAL_TIMEx_MasterConfigSynchronization  stm32f1xx_hal_tim_ex.o
    0x080024f8   0x080024f8   0x000000e6   Code   RO          812    .text.HAL_TIM_Base_Init  stm32f1xx_hal_tim.o
    0x080025de   0x080025de   0x00000002   PAD
    0x080025e0   0x080025e0   0x0000008c   Code   RO          111    .text.HAL_TIM_Base_MspInit  tim.o
    0x0800266c   0x0800266c   0x00000066   Code   RO          826    .text.HAL_TIM_Base_Start_IT  stm32f1xx_hal_tim.o
    0x080026d2   0x080026d2   0x00000002   PAD
    0x080026d4   0x080026d4   0x0000019e   Code   RO          992    .text.HAL_TIM_ConfigClockSource  stm32f1xx_hal_tim.o
    0x08002872   0x08002872   0x00000002   PAD
    0x08002874   0x08002874   0x00000002   Code   RO          948    .text.HAL_TIM_IC_CaptureCallback  stm32f1xx_hal_tim.o
    0x08002876   0x08002876   0x00000002   PAD
    0x08002878   0x08002878   0x0000016c   Code   RO          962    .text.HAL_TIM_IC_ConfigChannel  stm32f1xx_hal_tim.o
    0x080029e4   0x080029e4   0x000000e6   Code   RO          886    .text.HAL_TIM_IC_Init  stm32f1xx_hal_tim.o
    0x08002aca   0x08002aca   0x00000002   PAD
    0x08002acc   0x08002acc   0x00000060   Code   RO          113    .text.HAL_TIM_IC_MspInit  tim.o
    0x08002b2c   0x08002b2c   0x0000011a   Code   RO          946    .text.HAL_TIM_IRQHandler  stm32f1xx_hal_tim.o
    0x08002c46   0x08002c46   0x00000002   PAD
    0x08002c48   0x08002c48   0x00000002   Code   RO          950    .text.HAL_TIM_OC_DelayElapsedCallback  stm32f1xx_hal_tim.o
    0x08002c4a   0x08002c4a   0x00000002   PAD
    0x08002c4c   0x08002c4c   0x000001f2   Code   RO          966    .text.HAL_TIM_PWM_ConfigChannel  stm32f1xx_hal_tim.o
    0x08002e3e   0x08002e3e   0x00000002   PAD
    0x08002e40   0x08002e40   0x000000e6   Code   RO          866    .text.HAL_TIM_PWM_Init  stm32f1xx_hal_tim.o
    0x08002f26   0x08002f26   0x00000002   PAD
    0x08002f28   0x08002f28   0x00000002   Code   RO          868    .text.HAL_TIM_PWM_MspInit  stm32f1xx_hal_tim.o
    0x08002f2a   0x08002f2a   0x00000002   PAD
    0x08002f2c   0x08002f2c   0x00000002   Code   RO          952    .text.HAL_TIM_PWM_PulseFinishedCallback  stm32f1xx_hal_tim.o
    0x08002f2e   0x08002f2e   0x00000002   PAD
    0x08002f30   0x08002f30   0x000000bc   Code   RO          874    .text.HAL_TIM_PWM_Start  stm32f1xx_hal_tim.o
    0x08002fec   0x08002fec   0x0000001e   Code   RO         1331    .text.HAL_TIM_PeriodElapsedCallback  myit.o
    0x0800300a   0x0800300a   0x00000002   PAD
    0x0800300c   0x0800300c   0x00000048   Code   RO          996    .text.HAL_TIM_SlaveConfigSynchro  stm32f1xx_hal_tim.o
    0x08003054   0x08003054   0x00000002   Code   RO          956    .text.HAL_TIM_TriggerCallback  stm32f1xx_hal_tim.o
    0x08003056   0x08003056   0x00000002   PAD
    0x08003058   0x08003058   0x00000002   Code   RO         1221    .text.HAL_UARTEx_RxEventCallback  stm32f1xx_hal_uart.o
    0x0800305a   0x0800305a   0x00000002   PAD
    0x0800305c   0x0800305c   0x000000da   Code   RO         1177    .text.HAL_UART_DMAStop  stm32f1xx_hal_uart.o
    0x08003136   0x08003136   0x00000002   PAD
    0x08003138   0x08003138   0x00000002   Code   RO         1219    .text.HAL_UART_ErrorCallback  stm32f1xx_hal_uart.o
    0x0800313a   0x0800313a   0x00000002   PAD
    0x0800313c   0x0800313c   0x00000304   Code   RO         1213    .text.HAL_UART_IRQHandler  stm32f1xx_hal_uart.o
    0x08003440   0x08003440   0x000000e0   Code   RO         1137    .text.HAL_UART_Init  stm32f1xx_hal_uart.o
    0x08003520   0x08003520   0x00000224   Code   RO          140    .text.HAL_UART_MspInit  usart.o
    0x08003744   0x08003744   0x000000b8   Code   RO         1169    .text.HAL_UART_Receive_DMA  stm32f1xx_hal_uart.o
    0x080037fc   0x080037fc   0x00000002   Code   RO         1227    .text.HAL_UART_RxCpltCallback  stm32f1xx_hal_uart.o
    0x080037fe   0x080037fe   0x00000002   PAD
    0x08003800   0x08003800   0x00000002   Code   RO         1229    .text.HAL_UART_RxHalfCpltCallback  stm32f1xx_hal_uart.o
    0x08003802   0x08003802   0x00000002   PAD
    0x08003804   0x08003804   0x00000160   Code   RO         1151    .text.HAL_UART_Transmit  stm32f1xx_hal_uart.o
    0x08003964   0x08003964   0x00000002   Code   RO         1223    .text.HAL_UART_TxCpltCallback  stm32f1xx_hal_uart.o
    0x08003966   0x08003966   0x00000002   PAD
    0x08003968   0x08003968   0x00000022   Code   RO         1366    .text.HMI_Init      hmi.o
    0x0800398a   0x0800398a   0x00000002   PAD
    0x0800398c   0x0800398c   0x000000c8   Code   RO         1370    .text.HMI_process_information  hmi.o
    0x08003a54   0x08003a54   0x0000003c   Code   RO         1368    .text.HMI_send_hex_values  hmi.o
    0x08003a90   0x08003a90   0x00000002   Code   RO          163    .text.HardFault_Handler  stm32f1xx_it.o
    0x08003a92   0x08003a92   0x00000002   PAD
    0x08003a94   0x08003a94   0x00000010   Code   RO         1303    .text.LED_Toggle    bsp_led.o
    0x08003aa4   0x08003aa4   0x00000060   Code   RO           52    .text.MX_ADC1_Init  adc.o
    0x08003b04   0x08003b04   0x00000054   Code   RO           70    .text.MX_DMA_Init   dma.o
    0x08003b58   0x08003b58   0x00000108   Code   RO           39    .text.MX_GPIO_Init  gpio.o
    0x08003c60   0x08003c60   0x00000048   Code   RO           83    .text.MX_SPI2_Init  spi.o
    0x08003ca8   0x08003ca8   0x0000018e   Code   RO          101    .text.MX_TIM1_Init  tim.o
    0x08003e36   0x08003e36   0x00000002   PAD
    0x08003e38   0x08003e38   0x000000ca   Code   RO          105    .text.MX_TIM2_Init  tim.o
    0x08003f02   0x08003f02   0x00000002   PAD
    0x08003f04   0x08003f04   0x0000007e   Code   RO          107    .text.MX_TIM3_Init  tim.o
    0x08003f82   0x08003f82   0x00000002   PAD
    0x08003f84   0x08003f84   0x00000080   Code   RO          109    .text.MX_TIM4_Init  tim.o
    0x08004004   0x08004004   0x0000003c   Code   RO          134    .text.MX_USART1_UART_Init  usart.o
    0x08004040   0x08004040   0x0000003c   Code   RO          136    .text.MX_USART2_UART_Init  usart.o
    0x0800407c   0x0800407c   0x0000003c   Code   RO          138    .text.MX_USART3_UART_Init  usart.o
    0x080040b8   0x080040b8   0x00000002   Code   RO          165    .text.MemManage_Handler  stm32f1xx_it.o
    0x080040ba   0x080040ba   0x00000002   PAD
    0x080040bc   0x080040bc   0x0000000c   Code   RO         1329    .text.Myit_Init     myit.o
    0x080040c8   0x080040c8   0x00000002   Code   RO          161    .text.NMI_Handler   stm32f1xx_it.o
    0x080040ca   0x080040ca   0x00000002   PAD
    0x080040cc   0x080040cc   0x00000014   Code   RO         1422    .text.OLED_Clear    oled.o
    0x080040e0   0x080040e0   0x000000e8   Code   RO         1414    .text.OLED_I2C_SendByte  oled.o
    0x080041c8   0x080041c8   0x000000aa   Code   RO         1410    .text.OLED_I2C_Start  oled.o
    0x08004272   0x08004272   0x00000002   PAD
    0x08004274   0x08004274   0x00000086   Code   RO         1412    .text.OLED_I2C_Stop  oled.o
    0x080042fa   0x080042fa   0x00000002   PAD
    0x080042fc   0x080042fc   0x000002b0   Code   RO         1420    .text.OLED_Init     oled.o
    0x080045ac   0x080045ac   0x00000062   Code   RO         1426    .text.OLED_SetCursor  oled.o
    0x0800460e   0x0800460e   0x00000002   PAD
    0x08004610   0x08004610   0x00000192   Code   RO         1444    .text.OLED_ShowImage  oled.o
    0x080047a2   0x080047a2   0x00000002   PAD
    0x080047a4   0x080047a4   0x00000188   Code   RO         1424    .text.OLED_Update   oled.o
    0x0800492c   0x0800492c   0x00000002   Code   RO          175    .text.PendSV_Handler  stm32f1xx_it.o
    0x0800492e   0x0800492e   0x00000002   PAD
    0x08004930   0x08004930   0x00000002   Code   RO          171    .text.SVC_Handler   stm32f1xx_it.o
    0x08004932   0x08004932   0x00000002   PAD
    0x08004934   0x08004934   0x00000004   Code   RO          177    .text.SysTick_Handler  stm32f1xx_it.o
    0x08004938   0x08004938   0x00000002   Code   RO         1260    .text.SystemInit    system_stm32f1xx.o
    0x0800493a   0x0800493a   0x00000002   PAD
    0x0800493c   0x0800493c   0x0000000c   Code   RO          187    .text.TIM4_IRQHandler  stm32f1xx_it.o
    0x08004948   0x08004948   0x000000e8   Code   RO          998    .text.TIM_SlaveTimer_SetConfig  stm32f1xx_hal_tim.o
    0x08004a30   0x08004a30   0x0000000c   Code   RO         1217    .text.UART_DMAAbortOnError  stm32f1xx_hal_uart.o
    0x08004a3c   0x08004a3c   0x000000aa   Code   RO         1167    .text.UART_DMAError  stm32f1xx_hal_uart.o
    0x08004ae6   0x08004ae6   0x00000002   PAD
    0x08004ae8   0x08004ae8   0x0000008c   Code   RO         1245    .text.UART_DMAReceiveCplt  stm32f1xx_hal_uart.o
    0x08004b74   0x08004b74   0x00000018   Code   RO         1247    .text.UART_DMARxHalfCplt  stm32f1xx_hal_uart.o
    0x08004b8c   0x08004b8c   0x000000cc   Code   RO         1215    .text.UART_Receive_IT  stm32f1xx_hal_uart.o
    0x08004c58   0x08004c58   0x0000000c   Code   RO          189    .text.USART1_IRQHandler  stm32f1xx_it.o
    0x08004c64   0x08004c64   0x0000003a   Code   RO          191    .text.USART2_IRQHandler  stm32f1xx_it.o
    0x08004c9e   0x08004c9e   0x00000002   PAD
    0x08004ca0   0x08004ca0   0x0000003a   Code   RO          193    .text.USART3_IRQHandler  stm32f1xx_it.o
    0x08004cda   0x08004cda   0x00000002   PAD
    0x08004cdc   0x08004cdc   0x00000002   Code   RO          169    .text.UsageFault_Handler  stm32f1xx_it.o
    0x08004cde   0x08004cde   0x00000002   PAD
    0x08004ce0   0x08004ce0   0x000000ac   Code   RO           17    .text.adc_light_process  main.o
    0x08004d8c   0x08004d8c   0x00000020   Code   RO         1316    .text.fputc         bsp_uart.o
    0x08004dac   0x08004dac   0x000001c2   Code   RO           11    .text.main          main.o
    0x08004f6e   0x08004f6e   0x00000002   PAD
    0x08004f70   0x08004f70   0x0000002e   Code   RO         1568    .text.motion_init   motion.o
    0x08004f9e   0x08004f9e   0x00000002   PAD
    0x08004fa0   0x08004fa0   0x000002c0   Code   RO         1576    .text.motion_move   motion.o
    0x08005260   0x08005260   0x000001f0   Code   RO         1578    .text.motion_perform_action  motion.o
    0x08005450   0x08005450   0x00000030   Code   RO         1572    .text.motion_set_pose  motion.o
    0x08005480   0x08005480   0x00000010   Code   RO         1570    .text.motion_set_speed  motion.o
    0x08005490   0x08005490   0x0000002e   Code   RO         1278    .text.servo_Init    servo.o
    0x080054be   0x080054be   0x00000002   PAD
    0x080054c0   0x080054c0   0x00000018   Code   RO         1280    .text.servo_adjust  servo.o
    0x080054d8   0x080054d8   0x00000138   Code   RO         1284    .text.servo_set_angles  servo.o
    0x08005610   0x08005610   0x0000017e   Code   RO         1574    .text.transition_to_pose  motion.o
    0x0800578e   0x0800578e   0x00000002   PAD
    0x08005790   0x08005790   0x00000418   Code   RO         1535    .text.uart_to_51    dog.o
    0x08005ba8   0x08005ba8   0x00000020   Code   RO         1853    i.__0printf         mc_w.l(printfa.o)
    0x08005bc8   0x08005bc8   0x0000000e   Code   RO         2005    i.__scatterload_copy  mc_w.l(handlers.o)
    0x08005bd6   0x08005bd6   0x00000002   Code   RO         2006    i.__scatterload_null  mc_w.l(handlers.o)
    0x08005bd8   0x08005bd8   0x0000000e   Code   RO         2007    i.__scatterload_zeroinit  mc_w.l(handlers.o)
    0x08005be6   0x08005be6   0x00000002   PAD
    0x08005be8   0x08005be8   0x00000184   Code   RO         1860    i._fp_digits        mc_w.l(printfa.o)
    0x08005d6c   0x08005d6c   0x000006dc   Code   RO         1861    i._printf_core      mc_w.l(printfa.o)
    0x08006448   0x08006448   0x00000024   Code   RO         1862    i._printf_post_padding  mc_w.l(printfa.o)
    0x0800646c   0x0800646c   0x0000002e   Code   RO         1863    i._printf_pre_padding  mc_w.l(printfa.o)
    0x0800649a   0x0800649a   0x00000002   PAD
    0x0800649c   0x0800649c   0x0000000c   Code   RO         1612    i.putchar           mc_w.l(putchar.o)
    0x080064a8   0x080064a8   0x00000024   Code   RO         1610    i.puts              mc_w.l(puts.o)
    0x080064cc   0x080064cc   0x00000010   Data   RO         1586    .rodata..Lswitch.table  motion.o
    0x080064dc   0x080064dc   0x00000010   Data   RO         1265    .rodata.AHBPrescTable  system_stm32f1xx.o
    0x080064ec   0x080064ec   0x00000008   Data   RO         1266    .rodata.APBPrescTable  system_stm32f1xx.o
    0x080064f4   0x080064f4   0x00000400   Data   RO         1502    .rodata.BMP1        oled_data.o
    0x080068f4   0x080068f4   0x00000400   Data   RO         1503    .rodata.BMP2        oled_data.o
    0x08006cf4   0x08006cf4   0x00000400   Data   RO         1505    .rodata.BMP3        oled_data.o
    0x080070f4   0x080070f4   0x00000400   Data   RO         1504    .rodata.BMP4        oled_data.o
    0x080074f4   0x080074f4   0x00000400   Data   RO         1507    .rodata.BMP6        oled_data.o
    0x080078f4   0x080078f4   0x00000400   Data   RO         1509    .rodata.BMPaa       oled_data.o
    0x08007cf4   0x08007cf4   0x00000400   Data   RO         1510    .rodata.BMPbb       oled_data.o
    0x080080f4   0x080080f4   0x00000400   Data   RO         1511    .rodata.BMPcc       oled_data.o
    0x080084f4   0x080084f4   0x000001b8   Data   RO         1493    .rodata.CantabImg   oled_data.o
    0x080086ac   0x080086ac   0x000002b0   Data   RO         1494    .rodata.OSHAImg     oled_data.o
    0x0800895c   0x0800895c   0x000001a8   Data   RO         1492    .rodata.SZTUImg1    oled_data.o
    0x08008b04   0x08008b04   0x00000010   Data   RO          428    .rodata.cst16       stm32f1xx_hal_rcc.o
    0x08008b14   0x08008b14   0x00000008   Data   RO         1584    .rodata.pose_lie_down  motion.o
    0x08008b1c   0x08008b1c   0x00000008   Data   RO         1585    .rodata.pose_relax_lie_down  motion.o
    0x08008b24   0x08008b24   0x00000008   Data   RO         1583    .rodata.pose_sit    motion.o
    0x08008b2c   0x08008b2c   0x00000008   Data   RO         1582    .rodata.pose_stand  motion.o
    0x08008b34   0x08008b34   0x0000032a   Data   RO         1514    .rodata.rosydoedian  oled_data.o
    0x08008e5e   0x08008e5e   0x00000002   PAD
    0x08008e60   0x08008e60   0x00000020   Data   RO         2003    Region$$Table       anon$$obj.o


    Execution Region RW_IRAM1 (Exec base: 0x20000000, Load base: 0x08008e80, Size: 0x00000da0, Max: 0x00005000, ABSOLUTE)

    Exec Addr    Load Addr    Size         Type   Attr      Idx    E Section Name        Object

    0x20000000   0x08008e80   0x00000004   Data   RW         1964    .data               mc_w.l(stdout.o)
    0x20000004   0x08008e84   0x0000000c   PAD
    0x20000010   0x08008e90   0x00000028   Data   RW           27    .data..L_MergedGlobals  main.o
    0x20000038   0x08008eb8   0x0000000c   Data   RW          388    .data..L_MergedGlobals  stm32f1xx_hal.o
    0x20000044   0x08008ec4   0x00000004   Data   RW         1264    .data.SystemCoreClock  system_stm32f1xx.o
    0x20000048   0x08008ec8   0x00000008   PAD
    0x20000050        -       0x00000044   Zero   RW          147    .bss..L_MergedGlobals  usart.o
    0x20000094   0x08008ec8   0x0000000c   PAD
    0x200000a0        -       0x00000066   Zero   RW         1373    .bss..L_MergedGlobals  hmi.o
    0x20000106   0x08008ec8   0x0000000a   PAD
    0x20000110        -       0x00000066   Zero   RW         1392    .bss..L_MergedGlobals  bluetooth.o
    0x20000176   0x08008ec8   0x0000000a   PAD
    0x20000180        -       0x00000044   Zero   RW          148    .bss..L_MergedGlobals.1  usart.o
    0x200001c4   0x08008ec8   0x0000000c   PAD
    0x200001d0        -       0x00000044   Zero   RW          149    .bss..L_MergedGlobals.2  usart.o
    0x20000214        -       0x00000400   Zero   RW         1476    .bss.OLED_DisplayBuf  oled.o
    0x20000614        -       0x00000100   Zero   RW         1372    .bss.TxBuffer       hmi.o
    0x20000714        -       0x00000030   Zero   RW           58    .bss.hadc1          adc.o
    0x20000744        -       0x00000058   Zero   RW           89    .bss.hspi2          spi.o
    0x2000079c        -       0x00000048   Zero   RW          119    .bss.htim1          tim.o
    0x200007e4        -       0x00000048   Zero   RW          120    .bss.htim2          tim.o
    0x2000082c        -       0x00000048   Zero   RW          121    .bss.htim3          tim.o
    0x20000874        -       0x00000048   Zero   RW          122    .bss.htim4          tim.o
    0x200008bc        -       0x00000048   Zero   RW          144    .bss.huart1         usart.o
    0x20000904        -       0x00000048   Zero   RW          145    .bss.huart2         usart.o
    0x2000094c        -       0x00000048   Zero   RW          146    .bss.huart3         usart.o
    0x20000994        -       0x00000004   Zero   RW         1555    .bss.s_face_handle  face.o
    0x20000998        -       0x00000001   Zero   RW         1335    .bss.touch_EXTI_f   myit.o
    0x20000999   0x08008ec8   0x00000007   PAD
    0x200009a0        -       0x00000400   Zero   RW            1    STACK               startup_stm32f103xb.o


==============================================================================

Image component sizes


      Code (inc. data)   RO Data    RW Data    ZI Data      Debug   Object Name

       196          0          0          0         48       4440   adc.o
       330        116          0          0        102       1547   bluetooth.o
        16          0          0          0          0       1181   bsp_led.o
        32          0          0          0          0        958   bsp_uart.o
        84          0          0          0          0       2053   dma.o
      1048        328          0          0          0        938   dog.o
        44          0          0          0          4       5361   face.o
       264          0          0          0          0       2859   gpio.o
       294         52          0          0        358       1701   hmi.o
       632         16          0         40          0       7770   main.o
      1692         12         48          0          0       5649   motion.o
       142          0          0          0          1       4604   myit.o
      2136          0          0          0       1024      29037   oled.o
         0          0      10554          0          0       1865   oled_data.o
       382          0          0          0          0       3986   servo.o
       198          0          0          0         88       4629   spi.o
        36          8        236          0       1024        748   startup_stm32f103xb.o
       180          0          0         12          0       6348   stm32f1xx_hal.o
      1696          0          0          0          0      11997   stm32f1xx_hal_adc.o
       228          0          0          0          0       8705   stm32f1xx_hal_adc_ex.o
       208          0          0          0          0       8423   stm32f1xx_hal_cortex.o
       920          0          0          0          0       7169   stm32f1xx_hal_dma.o
       604         20          0          0          0       4850   stm32f1xx_hal_gpio.o
        66          0          0          0          0       1308   stm32f1xx_hal_msp.o
      1502          4         16          0          0       8092   stm32f1xx_hal_rcc.o
       504         20          0          0          0       3601   stm32f1xx_hal_rcc_ex.o
       186          0          0          0          0      22611   stm32f1xx_hal_spi.o
      2852         16          0          0          0      51845   stm32f1xx_hal_tim.o
       206          0          0          0          0      19827   stm32f1xx_hal_tim_ex.o
      2310          0          0          0          0      25472   stm32f1xx_hal_uart.o
       202          0          0          0          0       2759   stm32f1xx_it.o
         2          0         24          4          0       1680   system_stm32f1xx.o
      1090          0          0          0        288       9807   tim.o
       728          0          0          0        420       7200   usart.o

    ----------------------------------------------------------------------
     21144        592      10912         56       3416     281020   Object Totals
         0          0         32          0          0          0   (incl. Generated)
       134          0          2          0         59          0   (incl. Padding)

    ----------------------------------------------------------------------

      Code (inc. data)   RO Data    RW Data    ZI Data      Debug   Library Member Name

         0          0          0          0          0          0   entry.o
         0          0          0          0          0          0   entry10a.o
         0          0          0          0          0          0   entry11a.o
         8          4          0          0          0          0   entry2.o
         4          0          0          0          0          0   entry5.o
         0          0          0          0          0          0   entry7b.o
         0          0          0          0          0          0   entry8b.o
         8          4          0          0          0          0   entry9a.o
        30          0          0          0          0          0   handlers.o
        36          8          0          0          0         68   init.o
         0          0          0          0          0          0   iusefp.o
        30          0          0          0          0         68   llshl.o
        36          0          0          0          0         68   llsshr.o
        32          0          0          0          0         68   llushr.o
        36          0          0          0          0        108   memseta.o
      2258         90          0          0          0        452   printfa.o
        12          6          0          0          0         68   putchar.o
        36          6          0          0          0         80   puts.o
         0          0          0          4          0          0   stdout.o
        44          0          0          0          0         80   uidiv.o
        98          0          0          0          0         92   uldiv.o
        48          0          0          0          0         68   cdrcmple.o
       334          0          0          0          0        148   dadd.o
       222          0          0          0          0        100   ddiv.o
       186          0          0          0          0        176   depilogue.o
        48          0          0          0          0         68   dfixul.o
       228          0          0          0          0         96   dmul.o
       176          0          0          0          0        140   fadd.o
        28          0          0          0          0         68   fcmpgt.o
        28          0          0          0          0         68   fcmplt.o
       124          0          0          0          0         88   fdiv.o
       110          0          0          0          0        168   fepilogue.o
        50          0          0          0          0         68   ffixi.o
        40          0          0          0          0         68   ffixui.o
        18          0          0          0          0         68   fflti.o
        10          0          0          0          0         68   ffltui.o
       100          0          0          0          0         76   fmul.o

    ----------------------------------------------------------------------
      4424        118          0         16          0       2688   Library Totals
         6          0          0         12          0          0   (incl. Padding)

    ----------------------------------------------------------------------

      Code (inc. data)   RO Data    RW Data    ZI Data      Debug   Library Name

      2668        118          0          4          0       1152   mc_w.l
      1750          0          0          0          0       1536   mf_w.l

    ----------------------------------------------------------------------
      4424        118          0         16          0       2688   Library Totals

    ----------------------------------------------------------------------

==============================================================================


      Code (inc. data)   RO Data    RW Data    ZI Data      Debug   

     25568        710      10912         72       3416     281960   Grand Totals
     25568        710      10912         72       3416     281960   ELF Image Totals
     25568        710      10912         72          0          0   ROM Totals

==============================================================================

    Total RO  Size (Code + RO Data)                36480 (  35.63kB)
    Total RW  Size (RW Data + ZI Data)              3488 (   3.41kB)
    Total ROM Size (Code + RO Data + RW Data)      36552 (  35.70kB)

==============================================================================

